
Allocating common symbols
Common symbol       size              file

netbufpool          0x4               binaries/net.o
readylist           0x2               binaries/ready.o
rfltab              0x5a0             binaries/rflinit.o
netportseed         0x8               binaries/net.o
sleepq              0x2               binaries/clkinit.o
readylisy_usr3      0x2               binaries/ready.o
nnames              0x4               binaries/naminit.o
udptab              0x168             binaries/udp.o
minheap             0x4               binaries/meminit.o
marks               0x50              binaries/mark.o
currpid             0x4               binaries/initialize.o
Lf_data             0x20c             binaries/lfsinit.o
porttab             0x2d0             binaries/ptinit.o
girmask             0x2               binaries/evec.o
ttytab              0x110             binaries/ttyinit.o
proctab             0x2260            binaries/initialize.o
boost_cnt           0x4               binaries/clkinit.o
prcount             0x4               binaries/initialize.o
lfltab              0xf00             binaries/lflinit.o
prA                 0x4               binaries/main.o
rdstab              0x8c              binaries/rdsinit.o
ethertab            0x130             binaries/ethinit.o
NetData             0xb0              binaries/net.o
nmarks              0x4               binaries/mark.o
initsp              0x4               binaries/i386.o
Defer               0x8               binaries/resched.o
readylisy_usr2      0x2               binaries/ready.o
semtab              0x4b0             binaries/initialize.o
maxheap             0x4               binaries/meminit.o
preempt             0x4               binaries/clkinit.o
buftab              0xf0              binaries/bufinit.o
Rf_data             0x18              binaries/rfsinit.o
mkmutex             0x4               binaries/mark.o
readylisy_usr1      0x2               binaries/ready.o
clktime             0x4               binaries/clkinit.o
arpcache            0x140             binaries/arp.o
icmptab             0x230             binaries/icmp.o
nbpools             0x4               binaries/bufinit.o
queuetab            0x9b0             binaries/queue.o
ptnextid            0x4               binaries/ptinit.o
Ram                 0x19000           binaries/raminit.o
ipoqueue            0x2c              binaries/ip.o
prB                 0x4               binaries/main.o
memlist             0x8               binaries/initialize.o
nametab             0x19a0            binaries/naminit.o
ptfree              0x4               binaries/ptinit.o

Discarded input sections

 .group         0x0000000000000000        0x8 binaries/ascdate.o
 .group         0x0000000000000000        0x8 binaries/bufinit.o
 .group         0x0000000000000000        0x8 binaries/chprio.o
 .group         0x0000000000000000        0x8 binaries/clkhandler.o
 .text.__x86.get_pc_thunk.bx
                0x0000000000000000        0x4 binaries/clkhandler.o
 .group         0x0000000000000000        0x8 binaries/clkinit.o
 .text.__x86.get_pc_thunk.bx
                0x0000000000000000        0x4 binaries/clkinit.o
 .group         0x0000000000000000        0x8 binaries/close.o
 .text.__x86.get_pc_thunk.bx
                0x0000000000000000        0x4 binaries/close.o
 .group         0x0000000000000000        0x8 binaries/control.o
 .text.__x86.get_pc_thunk.bx
                0x0000000000000000        0x4 binaries/control.o
 .group         0x0000000000000000        0x8 binaries/create.o
 .group         0x0000000000000000        0x8 binaries/create.o
 .text.__x86.get_pc_thunk.cx
                0x0000000000000000        0x4 binaries/create.o
 .text.__x86.get_pc_thunk.bx
                0x0000000000000000        0x4 binaries/create.o
 .group         0x0000000000000000        0x8 binaries/create_user_process.o
 .group         0x0000000000000000        0x8 binaries/create_user_process.o
 .group         0x0000000000000000        0x8 binaries/create_user_process.o
 .text.__x86.get_pc_thunk.ax
                0x0000000000000000        0x4 binaries/create_user_process.o
 .text.__x86.get_pc_thunk.cx
                0x0000000000000000        0x4 binaries/create_user_process.o
 .text.__x86.get_pc_thunk.bx
                0x0000000000000000        0x4 binaries/create_user_process.o
 .group         0x0000000000000000        0x8 binaries/evec.o
 .group         0x0000000000000000        0x8 binaries/evec.o
 .text.__x86.get_pc_thunk.ax
                0x0000000000000000        0x4 binaries/evec.o
 .text.__x86.get_pc_thunk.bx
                0x0000000000000000        0x4 binaries/evec.o
 .group         0x0000000000000000        0x8 binaries/exit.o
 .text.__x86.get_pc_thunk.bx
                0x0000000000000000        0x4 binaries/exit.o
 .group         0x0000000000000000        0x8 binaries/freebuf.o
 .text.__x86.get_pc_thunk.bx
                0x0000000000000000        0x4 binaries/freebuf.o
[...]
Memory Configuration

Name             Origin             Length             Attributes
*default*        0x0000000000000000 0xffffffffffffffff

Linker script and memory map

                0x0000000000100000                physbase = 0x100000
                0x0000000000100000                . = physbase
                0x0000000000100000                . = ALIGN (0x1000)

.text           0x0000000000100000    0x1f000
                0x0000000000100000                text = ABSOLUTE (.)
 *(.text .text.*)
 .text          0x0000000000100000      0x165 binaries/start.o
                0x0000000000100020                entry
                0x000000000010003d                start
                0x00000000001000a5                inb
                0x00000000001000ad                inw
                0x00000000001000b6                inl
                0x00000000001000be                outb
                0x00000000001000c8                outw
                0x00000000001000d3                outl
                0x00000000001000dd                _rtcin
                0x00000000001000e8                ___udivsi3
                0x00000000001000f3                ___divsi3
                0x00000000001000ff                sbzero
                0x000000000010010f                bcopy
                0x0000000000100123                insw
                0x0000000000100139                outsw
                0x000000000010014f                lidt
                0x0000000000100157                jumptocode
                0x000000000010015e                jumptobootcode
 .text          0x0000000000100165      0x404 binaries/ascdate.o
                0x0000000000100165                ascdate
 .text.__x86.get_pc_thunk.cx
                0x0000000000100569        0x4 binaries/ascdate.o
                0x0000000000100569                __x86.get_pc_thunk.cx
 .text          0x000000000010056d       0x20 binaries/bufinit.o
                0x000000000010056d                bufinit
 .text.__x86.get_pc_thunk.ax
                0x000000000010058d        0x4 binaries/bufinit.o
                0x000000000010058d                __x86.get_pc_thunk.ax
 .text          0x0000000000100591       0xaa binaries/chprio.o
                0x0000000000100591                chprio
 .text.__x86.get_pc_thunk.bx
                0x000000000010063b        0x4 binaries/chprio.o
                0x000000000010063b                __x86.get_pc_thunk.bx
 .text          0x000000000010063f      0x3fa binaries/clkhandler.o
                0x000000000010063f                clkhandler
 .text          0x0000000000100a39       0xa1 binaries/clkinit.o
                0x0000000000100a39                clkinit
 .text          0x0000000000100ada       0x86 binaries/close.o
                0x0000000000100ada                close
 .text          0x0000000000100b60        0x0 binaries/conf.o
 .text          0x0000000000100b60       0x8c binaries/control.o
                0x0000000000100b60                control
 .text          0x0000000000100bec      0x33b binaries/create.o
                0x0000000000100bec                create
 .text          0x0000000000100f27      0x3be binaries/create_user_process.o
                0x0000000000100f27                burst_execution
                0x0000000000100f36                create_user_proc
 .text          0x00000000001012e5      0x3d4 binaries/evec.o
                0x00000000001012e5                initevec
                0x0000000000101351                set_evec
                0x0000000000101411                trap
 .text          0x00000000001016b9       0x29 binaries/exit.o
                0x00000000001016b9                exit
 .text          0x00000000001016e2       0xa1 binaries/freebuf.o
                0x00000000001016e2                freebuf
 .text          0x0000000000101783      0x195 binaries/freemem.o
                0x0000000000101783                freemem
 .text          0x0000000000101918       0x9f binaries/getbuf.o
                0x0000000000101918                getbuf
 .text          0x00000000001019b7       0x86 binaries/getc.o
                0x00000000001019b7                getc
 .text          0x0000000000101a3d       0x86 binaries/getdev.o
                0x0000000000101a3d                getdev
 .text          0x0000000000101ac3      0x111 binaries/getitem.o
                0x0000000000101ac3                getfirst
                0x0000000000101b19                getlast
                0x0000000000101b71                getitem
 .text.__x86.get_pc_thunk.dx
                0x0000000000101bd4        0x4 binaries/getitem.o
                0x0000000000101bd4                __x86.get_pc_thunk.dx
 .text          0x0000000000101bd8      0x132 binaries/getmem.o
                0x0000000000101bd8                getmem
 .text          0x0000000000101d0a       0x17 binaries/getpid.o
                0x0000000000101d0a                getpid
 .text          0x0000000000101d21       0x94 binaries/getprio.o
                0x0000000000101d21                getprio
 .text          0x0000000000101db5      0x119 binaries/getstk.o
                0x0000000000101db5                getstk
 .text          0x0000000000101ece       0x20 binaries/getticks.o
                0x0000000000101ece                getticks
 .text          0x0000000000101eee       0x4a binaries/gettime.o
                0x0000000000101eee                gettime
 .text          0x0000000000101f38      0x224 binaries/getutime.o
                0x0000000000101f38                getutime
 .text          0x000000000010215c      0x438 binaries/i386.o
                0x000000000010215c                setsegs
                0x0000000000102298                init8259
                0x000000000010235a                pseg
                0x0000000000102522                setirmask
 .text          0x0000000000102594       0x86 binaries/init.o
                0x0000000000102594                init
 .text          0x000000000010261a      0x47e binaries/initialize.o
                0x000000000010261a                nulluser
                0x0000000000102a25                stop
                0x0000000000102a60                delay
 .text          0x0000000000102a98      0x109 binaries/insert.o
                0x0000000000102a98                insert
 .text          0x0000000000102ba1      0x142 binaries/insertd.o
                0x0000000000102ba1                insertd
 .text          0x0000000000102ce3       0x14 binaries/ioerr.o
                0x0000000000102ce3                ioerr
 .text          0x0000000000102cf7       0x14 binaries/ionull.o
                0x0000000000102cf7                ionull
 .text          0x0000000000102d0b      0x1d0 binaries/kill.o
                0x0000000000102d0b                kill
 .text          0x0000000000102edb      0x182 binaries/kprintf.o
                0x0000000000102edb                kputc
                0x0000000000102f7f                kgetc
                0x0000000000103021                kprintf
 .text          0x000000000010305d      0x219 binaries/main.o
                0x000000000010305d                main
                0x0000000000103208                proc_a
                0x000000000010323f                proc_b
 .text          0x0000000000103276       0xf0 binaries/mark.o
                0x0000000000103276                markinit
                0x00000000001032b1                mark
 .text          0x0000000000103366       0xf5 binaries/meminit.o
                0x0000000000103366                meminit
 .text          0x000000000010345b      0x194 binaries/mkbufpool.o
                0x000000000010345b                mkbufpool
 .text          0x00000000001035ef       0xbb binaries/newqueue.o
                0x00000000001035ef                newqueue
 .text          0x00000000001036aa       0x8c binaries/open.o
                0x00000000001036aa                open
 .text          0x0000000000103736       0x2e binaries/panic.o
                0x0000000000103736                panic
 .text          0x0000000000103764      0x540 binaries/pci.o
                0x0000000000103764                pci_init
                0x0000000000103a7e                find_pci_device
                0x0000000000103ad9                pci_bios_read_config_byte
                0x0000000000103b25                pci_bios_read_config_word
                0x0000000000103b74                pci_bios_read_config_dword
                0x0000000000103bc0                pci_bios_write_config_byte
                0x0000000000103c0e                pci_bios_write_config_word
                0x0000000000103c5c                pci_bios_write_config_dword
 .text.__x86.get_pc_thunk.si
                0x0000000000103ca4        0x4 binaries/pci.o
                0x0000000000103ca4                __x86.get_pc_thunk.si
 .text          0x0000000000103ca8      0x275 binaries/print_ready_list.o
                0x0000000000103ca8                print_ready_list
 .text          0x0000000000103f1d      0x105 binaries/ptclear.o
                0x0000000000103f1d                _ptclear
 .text          0x0000000000104022       0xaf binaries/ptcount.o
                0x0000000000104022                ptcount
 .text          0x00000000001040d1      0x138 binaries/ptcreate.o
                0x00000000001040d1                ptcreate
 .text          0x0000000000104209       0x94 binaries/ptdelete.o
                0x0000000000104209                ptdelete
 .text          0x000000000010429d       0xe7 binaries/ptinit.o
                0x000000000010429d                ptinit
 .text          0x0000000000104384      0x135 binaries/ptrecv.o
                0x0000000000104384                ptrecv
 .text          0x00000000001044b9       0x89 binaries/ptreset.o
                0x00000000001044b9                ptreset
 .text          0x0000000000104542      0x15a binaries/ptsend.o
                0x0000000000104542                ptsend
 .text          0x000000000010469c       0x91 binaries/putc.o
                0x000000000010469c                putc
 .text          0x000000000010472d      0x14b binaries/queue.o
                0x000000000010472d                enqueue
                0x00000000001047f3                dequeue
 .text          0x0000000000104878       0x8c binaries/read.o
                0x0000000000104878                read
 .text          0x0000000000104904      0x175 binaries/ready.o
                0x0000000000104904                ready
 .text          0x0000000000104a79       0x78 binaries/receive.o
                0x0000000000104a79                receive
 .text          0x0000000000104af1       0x74 binaries/recvclr.o
                0x0000000000104af1                recvclr
 .text          0x0000000000104b65       0xd9 binaries/recvtime.o
                0x0000000000104b65                recvtime
 .text          0x0000000000104c3e     0x1757 binaries/resched.o
                0x0000000000104c3e                resched
                0x00000000001062f7                resched_cntl
 .text          0x0000000000106395       0xc7 binaries/resume.o
                0x0000000000106395                resume
 .text          0x000000000010645c       0x8a binaries/seek.o
                0x000000000010645c                seek
 .text          0x00000000001064e6       0x87 binaries/semcount.o
                0x00000000001064e6                semcount
 .text          0x000000000010656d      0x100 binaries/semcreate.o
                0x000000000010656d                semcreate
 .text          0x000000000010666d       0xdf binaries/semdelete.o
                0x000000000010666d                semdelete
 .text          0x000000000010674c       0xe3 binaries/semreset.o
                0x000000000010674c                semreset
 .text          0x000000000010682f      0x103 binaries/send.o
                0x000000000010682f                send
 .text          0x0000000000106932       0xba binaries/signal.o
                0x0000000000106932                signal
 .text          0x00000000001069ec       0xe8 binaries/signaln.o
                0x00000000001069ec                signaln
 .text          0x0000000000106ad4      0x115 binaries/sleep.o
                0x0000000000106ad4                sleep
                0x0000000000106b2c                sleepms
 .text          0x0000000000106be9      0x1bc binaries/stacktrace.o
                0x0000000000106be9                stacktrace
 .text          0x0000000000106da5       0xfd binaries/suspend.o
                0x0000000000106da5                suspend
 .text          0x0000000000106ea2      0x108 binaries/unsleep.o
                0x0000000000106ea2                unsleep
 .text          0x0000000000106faa       0x29 binaries/userret.o
                0x0000000000106faa                userret
 .text          0x0000000000106fd3       0xfc binaries/wait.o
                0x0000000000106fd3                wait
 .text          0x00000000001070cf       0x98 binaries/wakeup.o
                0x00000000001070cf                wakeup
 .text          0x0000000000107167       0x8c binaries/write.o
                0x0000000000107167                write
 .text          0x00000000001071f3       0x2f binaries/xdone.o
                0x00000000001071f3                xdone
 .text          0x0000000000107222       0x37 binaries/yield.o
                0x0000000000107222                yield
 .text          0x0000000000107259       0x1b binaries/abs.o
                0x0000000000107259                abs
 .text          0x0000000000107274       0x99 binaries/atoi.o
                0x0000000000107274                atoi
 .text          0x000000000010730d       0x99 binaries/atol.o
                0x000000000010730d                atol
 .text          0x00000000001073a6       0x3c binaries/bzero.o
                0x00000000001073a6                bzero
 .text          0x00000000001073e2        0x0 binaries/ctype_.o
 .text          0x00000000001073e2      0x94d binaries/doprnt.o
                0x00000000001073e2                _doprnt
 .text          0x0000000000107d2f      0x6cb binaries/doscan.o
                0x0000000000107d2f                _doscan
 .text.__x86.get_pc_thunk.di
                0x00000000001083fa        0x4 binaries/doscan.o
                0x00000000001083fa                __x86.get_pc_thunk.di
 .text          0x00000000001083fe      0x76a binaries/fdoprnt.o
                0x00000000001083fe                _fdoprnt
 .text          0x0000000000108b68       0x39 binaries/fgetc.o
                0x0000000000108b68                fgetc
 .text          0x0000000000108ba1       0x84 binaries/fgets.o
                0x0000000000108ba1                fgets
 .text          0x0000000000108c25       0x3c binaries/fprintf.o
                0x0000000000108c25                fprintf
 .text          0x0000000000108c61       0x3c binaries/fputc.o
                0x0000000000108c61                fputc
 .text          0x0000000000108c9d       0x52 binaries/fputs.o
                0x0000000000108c9d                fputs
 .text          0x0000000000108cef       0xb8 binaries/fscanf.o
                0x0000000000108cef                fscanf
 .text          0x0000000000108da7       0x4a binaries/getchar.o
                0x0000000000108da7                getchar
 .text          0x0000000000108df1       0x1b binaries/labs.o
                0x0000000000108df1                labs
 .text          0x0000000000108e0c        0x0 binaries/memchr.o
 .text          0x0000000000108e0c       0x5b binaries/memcmp.o
                0x0000000000108e0c                memcmp
 .text          0x0000000000108e67       0x49 binaries/memcpy.o
                0x0000000000108e67                memcpy
 .text          0x0000000000108eb0       0x3a binaries/memset.o
                0x0000000000108eb0                memset
 .text          0x0000000000108eea       0x62 binaries/printf.o
                0x0000000000108eea                printf
 .text          0x0000000000108f4c       0x4d binaries/putchar.o
                0x0000000000108f4c                putchar
 .text          0x0000000000108f99      0x2b7 binaries/qsort.o
                0x0000000000108f99                qsort
 .text          0x0000000000109250       0x81 binaries/rand.o
                0x0000000000109250                rand
                0x0000000000109274                rand_r
                0x00000000001092b8                srand
 .text          0x00000000001092d1       0x82 binaries/sprintf.o
                0x00000000001092d1                sprintf
 .text          0x0000000000109353       0x98 binaries/sscanf.o
                0x0000000000109353                sscanf
 .text          0x00000000001093eb       0x46 binaries/strchr.o
                0x00000000001093eb                strchr
 .text          0x0000000000109431       0x4f binaries/strcmp.o
                0x0000000000109431                strcmp
 .text          0x0000000000109480       0x31 binaries/strcpy.o
                0x0000000000109480                strcpy
 .text          0x00000000001094b1       0x30 binaries/strlen.o
                0x00000000001094b1                strlen
 .text          0x00000000001094e1       0x60 binaries/strncat.o
                0x00000000001094e1                strncat
 .text          0x0000000000109541       0x68 binaries/strncmp.o
                0x0000000000109541                strncmp
 .text          0x00000000001095a9       0x59 binaries/strncpy.o
                0x00000000001095a9                strncpy
 .text          0x0000000000109602       0x38 binaries/strnlen.o
                0x0000000000109602                strnlen
 .text          0x000000000010963a       0x4f binaries/strrchr.o
                0x000000000010963a                strrchr
 .text          0x0000000000109689       0x78 binaries/strstr.o
                0x0000000000109689                strstr
 .text          0x0000000000109701       0xfb binaries/ttycontrol.o
                0x0000000000109701                ttycontrol
 .text          0x00000000001097fc       0xab binaries/ttygetc.o
                0x00000000001097fc                ttygetc
 .text          0x00000000001098a7      0x72b binaries/ttyhandle_in.o
                0x00000000001098a7                ttyhandle_in
 .text          0x0000000000109fd2      0x1c2 binaries/ttyhandle_out.o
                0x0000000000109fd2                ttyhandle_out
 .text          0x000000000010a194       0xe7 binaries/ttyhandler.o
                0x000000000010a194                ttyhandler
 .text          0x000000000010a27b      0x241 binaries/ttyinit.o
                0x000000000010a27b                ttyinit
 .text          0x000000000010a4bc       0x2b binaries/ttykickout.o
                0x000000000010a4bc                ttykickout
 .text          0x000000000010a4e7       0xc9 binaries/ttyputc.o
                0x000000000010a4e7                ttyputc
 .text          0x000000000010a5b0      0x12d binaries/ttyread.o
                0x000000000010a5b0                ttyread
 .text          0x000000000010a6dd       0x5c binaries/ttywrite.o
                0x000000000010a6dd                ttywrite
 .text          0x000000000010a739      0x174 binaries/mount.o
                0x000000000010a739                mount
                0x000000000010a86d                namlen
 .text          0x000000000010a8ad      0x220 binaries/naminit.o
                0x000000000010a8ad                naminit
 .text          0x000000000010aacd      0x243 binaries/nammap.o
                0x000000000010aacd                nammap
                0x000000000010ab6a                namrepl
                0x000000000010acb6                namcpy
 .text          0x000000000010ad10       0x5d binaries/namopen.o
                0x000000000010ad10                namopen
 .text          0x000000000010ad6d      0xf37 binaries/82545EMInit.o
                0x000000000010adea                _82545EMInit
                0x000000000010bafa                _82545EM_read_phy_reg
                0x000000000010bbcb                _82545EM_write_phy_reg
 .text          0x000000000010bca4      0x28a binaries/ethcontrol.o
                0x000000000010bd21                ethcontrol
                0x000000000010beab                ethIrqDisable
                0x000000000010beeb                ethIrqEnable
 .text          0x000000000010bf2e      0x29a binaries/ethhandler.o
                0x000000000010c0cf                ethhandler
 .text          0x000000000010c1c8      0x13e binaries/ethinit.o
                0x000000000010c1c8                ethinit
 .text          0x000000000010c306      0x227 binaries/ethread.o
                0x000000000010c383                ethread
 .text          0x000000000010c52d      0x1d0 binaries/ethwrite.o
                0x000000000010c5aa                ethwrite
 .text          0x000000000010c6fd       0xaf binaries/rdsbufalloc.o
                0x000000000010c6fd                rdsbufalloc
 .text          0x000000000010c7ac       0xcf binaries/rdsclose.o
                0x000000000010c7ac                rdsclose
 .text          0x000000000010c87b      0x304 binaries/rdscomm.o
                0x000000000010c87b                rdscomm
 .text          0x000000000010cb7f      0x242 binaries/rdscontrol.o
                0x000000000010cb7f                rdscontrol
 .text          0x000000000010cdc1      0x204 binaries/rdsinit.o
                0x000000000010cdc1                rdsinit
 .text          0x000000000010cfc5      0x1a4 binaries/rdsopen.o
                0x000000000010cfc5                rdsopen
 .text          0x000000000010d169      0x471 binaries/rdsprocess.o
                0x000000000010d169                rdsprocess
 .text          0x000000000010d5da      0x262 binaries/rdsread.o
                0x000000000010d5da                rdsread
 .text          0x000000000010d83c      0x202 binaries/rdswrite.o
                0x000000000010d83c                rdswrite
 .text          0x000000000010da3e       0x14 binaries/ramclose.o
                0x000000000010da3e                ramclose
 .text          0x000000000010da52       0x58 binaries/raminit.o
                0x000000000010da52                raminit
 .text          0x000000000010daaa       0x14 binaries/ramopen.o
                0x000000000010daaa                ramopen
 .text          0x000000000010dabe       0x47 binaries/ramread.o
                0x000000000010dabe                ramread
 .text          0x000000000010db05       0x47 binaries/ramwrite.o
                0x000000000010db05                ramwrite
 .text          0x000000000010db4c       0xc4 binaries/lfdballoc.o
                0x000000000010db4c                lfdballoc
 .text          0x000000000010dc10       0x6c binaries/lfdbfree.o
                0x000000000010dc10                lfdbfree
 .text          0x000000000010dc7c       0xe0 binaries/lfflush.o
                0x000000000010dc7c                lfflush
 .text          0x000000000010dd5c       0xe2 binaries/lfgetmode.o
                0x000000000010dd5c                lfgetmode
 .text          0x000000000010de3e       0x92 binaries/lfiballoc.o
                0x000000000010de3e                lfiballoc
 .text          0x000000000010ded0       0x45 binaries/lfibclear.o
                0x000000000010ded0                lfibclear
 .text          0x000000000010df15       0xbc binaries/lfibget.o
                0x000000000010df15                lfibget
 .text          0x000000000010dfd1       0xeb binaries/lfibput.o
                0x000000000010dfd1                lfibput
 .text          0x000000000010e0bc       0xbb binaries/lflclose.o
                0x000000000010e0bc                lflclose
 .text          0x000000000010e177       0xef binaries/lflcontrol.o
                0x000000000010e177                lflcontrol
 .text          0x000000000010e266      0x104 binaries/lflgetc.o
                0x000000000010e266                lflgetc
 .text          0x000000000010e36a      0x102 binaries/lflinit.o
                0x000000000010e36a                lflinit
 .text          0x000000000010e46c      0x13a binaries/lflputc.o
                0x000000000010e46c                lflputc
 .text          0x000000000010e5a6       0x7f binaries/lflread.o
                0x000000000010e5a6                lflread
 .text          0x000000000010e625       0xbe binaries/lflseek.o
                0x000000000010e625                lflseek
 .text          0x000000000010e6e3       0x64 binaries/lflwrite.o
                0x000000000010e6e3                lflwrite
 .text          0x000000000010e747       0x6c binaries/lfscheck.o
                0x000000000010e747                lfscheck
 .text          0x000000000010e7b3      0x194 binaries/lfsckfmt.o
                0x000000000010e7b3                lfsckfmt
 .text          0x000000000010e947      0x1be binaries/lfscreate.o
                0x000000000010e947                lfscreate
 .text          0x000000000010eb05      0x2a3 binaries/lfsetup.o
                0x000000000010eb05                lfsetup
 .text          0x000000000010eda8       0x81 binaries/lfsinit.o
                0x000000000010eda8                lfsinit
 .text          0x000000000010ee29      0x411 binaries/lfsopen.o
                0x000000000010ee29                lfsopen
 .text          0x000000000010f23a      0x18a binaries/lftruncate.o
                0x000000000010f23a                lftruncate
 .text          0x000000000010f3c4       0x8f binaries/rflclose.o
                0x000000000010f3c4                rflclose
 .text          0x000000000010f453       0x42 binaries/rflgetc.o
                0x000000000010f453                rflgetc
 .text          0x000000000010f495       0x86 binaries/rflinit.o
                0x000000000010f495                rflinit
 .text          0x000000000010f51b       0x43 binaries/rflputc.o
                0x000000000010f51b                rflputc
 .text          0x000000000010f55e      0x396 binaries/rflread.o
                0x000000000010f55e                rflread
 .text          0x000000000010f8f4       0x92 binaries/rflseek.o
                0x000000000010f8f4                rflseek
 .text          0x000000000010f986      0x381 binaries/rflwrite.o
                0x000000000010f986                rflwrite
 .text          0x000000000010fd07      0x21d binaries/rfscomm.o
                0x000000000010fd07                rfscomm
 .text          0x000000000010ff24      0x2ae binaries/rfscontrol.o
                0x000000000010ff24                rfscontrol
 .text          0x00000000001101d2       0xe2 binaries/rfsgetmode.o
                0x00000000001101d2                rfsgetmode
 .text          0x00000000001102b4       0xb5 binaries/rfsinit.o
                0x00000000001102b4                rfsinit
 .text          0x0000000000110369      0x122 binaries/rfsndmsg.o
                0x0000000000110369                rfsndmsg
 .text          0x000000000011048b      0x2e3 binaries/rfsopen.o
                0x000000000011048b                rfsopen
 .text          0x000000000011076e      0x8e6 binaries/arp.o
                0x000000000011076e                arp_init
                0x00000000001107b4                arp_resolve
                0x0000000000110aa2                arp_in
                0x0000000000110d84                arp_alloc
                0x0000000000110e66                arp_ntoh
                0x0000000000110f5d                arp_hton
 .text          0x0000000000111054      0x97b binaries/dhcp.o
                0x0000000000111054                dhcp_get_opt_val
                0x00000000001110b7                dhcp_bld_bootp_msg
                0x00000000001111de                dhcp_bld_disc
                0x00000000001112d1                dhcp_bld_req
                0x0000000000111454                getlocalip
 .text          0x00000000001119cf      0x5f4 binaries/dns.o
                0x00000000001119cf                dnslookup
 .text          0x0000000000111fc3       0xf4 binaries/dot2ip.o
                0x0000000000111fc3                dot2ip
 .text          0x00000000001120b7      0x528 binaries/hexdump.o
                0x00000000001120b7                hexdump
                0x0000000000112285                hexadump
 .text          0x00000000001125df      0x940 binaries/icmp.o
                0x00000000001125df                icmp_init
                0x0000000000112625                icmp_in
                0x0000000000112806                icmp_register
                0x0000000000112910                icmp_recv
                0x0000000000112aae                icmp_send
                0x0000000000112b43                icmp_mkpkt
                0x0000000000112c77                icmp_release
                0x0000000000112d84                icmp_cksum
                0x0000000000112e21                icmp_hton
                0x0000000000112ea0                icmp_ntoh
 .text          0x0000000000112f1f      0x96c binaries/ip.o
                0x0000000000112f1f                ip_in
                0x00000000001130c4                ip_send
                0x0000000000113246                ip_local
                0x00000000001132a7                ip_out
                0x00000000001133ef                ipcksum
                0x000000000011347f                ip_ntoh
                0x0000000000113576                ip_hton
                0x000000000011366d                ipout
                0x00000000001137c4                ip_enqueue
 .text          0x000000000011388b      0x337 binaries/net.o
                0x000000000011388b                net_init
                0x00000000001139eb                netin
                0x0000000000113ab9                eth_hton
                0x0000000000113aee                eth_ntoh
                0x0000000000113b23                getport
 .text          0x0000000000113bc2     0x15bc binaries/pdump.o
                0x0000000000113bc2                pdump
                0x0000000000114a1a                pdumph
 .text          0x000000000011517e      0x65e binaries/tftp.o
                0x000000000011517e                tftp_send1
                0x0000000000115311                tftpget
                0x000000000011534d                tftpget_mb
 .text          0x00000000001157dc      0xc36 binaries/udp.o
                0x00000000001157dc                udp_init
                0x0000000000115822                udp_in
                0x0000000000115975                udp_register
                0x0000000000115ac4                udp_recv
                0x0000000000115c73                udp_recvaddr
                0x0000000000115e3a                udp_send
                0x000000000011603d                udp_sendto
                0x0000000000116208                udp_release
                0x0000000000116314                udp_ntoh
                0x0000000000116393                udp_hton
 .text          0x0000000000116412      0x151 binaries/addargs.o
                0x0000000000116412                addargs
 .text          0x0000000000116563      0x2d1 binaries/lexan.o
                0x0000000000116563                lexan
 .text          0x0000000000116834      0x6e5 binaries/shell.o
                0x0000000000116834                shell
 .text          0x0000000000116f19       0x7e binaries/xsh_argecho.o
                0x0000000000116f19                xsh_argecho
 .text          0x0000000000116f97      0x2cc binaries/xsh_arp.o
                0x0000000000116f97                xsh_arp
 .text          0x0000000000117263      0x2c6 binaries/xsh_cat.o
                0x0000000000117263                xsh_cat
 .text          0x0000000000117529       0x7d binaries/xsh_clear.o
                0x0000000000117529                xsh_clear
 .text          0x00000000001175a6      0x36f binaries/xsh_date.o
                0x00000000001175a6                xsh_date
 .text          0x0000000000117915       0xcf binaries/xsh_devdump.o
                0x0000000000117915                xsh_devdump
 .text          0x00000000001179e4       0x87 binaries/xsh_echo.o
                0x00000000001179e4                xsh_echo
 .text          0x0000000000117a6b       0x14 binaries/xsh_exit.o
                0x0000000000117a6b                xsh_exit
 .text          0x0000000000117a7f      0x3f5 binaries/xsh_help.o
                0x0000000000117a7f                xsh_help
 .text          0x0000000000117e74      0x2a3 binaries/xsh_kill.o
                0x0000000000117e74                xsh_kill
 .text          0x0000000000118117      0x5cd binaries/xsh_memdump.o
                0x0000000000118117                xsh_memdump
 .text          0x00000000001186e4      0x32a binaries/xsh_memstat.o
                0x00000000001186e4                xsh_memstat
 .text          0x0000000000118a0e      0x5ed binaries/xsh_netinfo.o
                0x0000000000118a0e                xsh_netinfo
 .text          0x0000000000118ffb      0x512 binaries/xsh_ping.o
                0x0000000000118ffb                xsh_ping
 .text          0x000000000011950d      0x297 binaries/xsh_print_ready_list.o
                0x000000000011950d                xsh_print_ready_list
 .text          0x00000000001197a4      0x28c binaries/xsh_ps.o
                0x00000000001197a4                xsh_ps
 .text          0x0000000000119a30      0x281 binaries/xsh_sleep.o
                0x0000000000119a30                xsh_sleep
 .text          0x0000000000119cb1      0x2e4 binaries/xsh_udpdump.o
                0x0000000000119cb1                xsh_udpdump
 .text          0x0000000000119f95      0x55e binaries/xsh_udpecho.o
                0x0000000000119f95                xsh_udpecho
 .text          0x000000000011a4f3      0x317 binaries/xsh_udpserver.o
                0x000000000011a4f3                xsh_udpeserver
 .text          0x000000000011a80a      0x23c binaries/xsh_uptime.o
                0x000000000011a80a                xsh_uptime
 .text          0x000000000011aa46        0xe binaries/clkdisp.o
                0x000000000011aa46                clkdisp
 .text          0x000000000011aa54       0x19 binaries/ctxsw.o
                0x000000000011aa54                ctxsw
 .text          0x000000000011aa6d      0x368 binaries/intr.o
                0x000000000011aa6d                disable
                0x000000000011aa76                restore
                0x000000000011aa84                enable
                0x000000000011aa86                pause
                0x000000000011aa8d                halt
                0x000000000011aa90                spurious_irq7
                0x000000000011aa95                spurious_irq15
                0x000000000011aaa4                _Xint0
                0x000000000011aaaf                _Xint1
                0x000000000011aaba                _Xint2
                0x000000000011aac5                _Xint3
                0x000000000011aad0                _Xint4
                0x000000000011aadb                _Xint5
                0x000000000011aae6                _Xint6
                0x000000000011aaf1                _Xint7
                0x000000000011aafc                _Xint8
                0x000000000011ab07                _Xint9
                0x000000000011ab12                _Xint10
                0x000000000011ab1d                _Xint11
                0x000000000011ab2b                _Xint12
                0x000000000011ab39                _Xint13
                0x000000000011ab47                _Xint14
                0x000000000011ab55                _Xint15
                0x000000000011ab63                _Xint16
                0x000000000011ab71                _Xint17
                0x000000000011ab7f                _Xint18
                0x000000000011ab8d                _Xint19
                0x000000000011ab9b                _Xint20
                0x000000000011aba9                _Xint21
                0x000000000011abb7                _Xint22
                0x000000000011abc5                _Xint23
                0x000000000011abd3                _Xint24
                0x000000000011abe1                _Xint25
                0x000000000011abef                _Xint26
                0x000000000011abfd                _Xint27
                0x000000000011ac0b                _Xint28
                0x000000000011ac19                _Xint29
                0x000000000011ac27                _Xint30
                0x000000000011ac35                _Xint31
                0x000000000011ac43                _Xint32
                0x000000000011ac51                _Xint33
                0x000000000011ac5f                _Xint34
                0x000000000011ac6d                _Xint35
                0x000000000011ac7b                _Xint36
                0x000000000011ac89                _Xint37
                0x000000000011ac97                _Xint38
                0x000000000011aca5                _Xint39
                0x000000000011acb3                _Xint40
                0x000000000011acc1                _Xint41
                0x000000000011accf                _Xint42
                0x000000000011acdd                _Xint43
                0x000000000011aceb                _Xint44
                0x000000000011acf9                _Xint45
                0x000000000011ad07                _Xint46
                0x000000000011ad15                defevec
 .text          0x000000000011add5        0xf binaries/ttydispatch.o
                0x000000000011add5                ttydispatch
 .text          0x000000000011ade4       0x13 binaries/ethdispatch.o
                0x000000000011ade4                ethdispatch
 *(.rodata .rodata.*)
 *fill*         0x000000000011adf7        0x1 
 .rodata        0x000000000011adf8       0x8e binaries/ascdate.o
 .rodata        0x000000000011ae86       0xae binaries/conf.o
 .rodata        0x000000000011af34       0x16 binaries/create_user_process.o
 *fill*         0x000000000011af4a        0x2 
 .rodata        0x000000000011af4c      0x22f binaries/evec.o
 *fill*         0x000000000011b17b        0x1 
 .rodata        0x000000000011b17c       0x61 binaries/getutime.o
 *fill*         0x000000000011b1dd        0x3 
 .rodata        0x000000000011b1e0       0x90 binaries/i386.o
 .rodata        0x000000000011b270      0x183 binaries/initialize.o
 *fill*         0x000000000011b3f3        0x1 
 .rodata        0x000000000011b3f4       0x20 binaries/kill.o
 *fill*         0x000000000011b414        0x4 
 .rodata        0x000000000011b418       0x70 binaries/main.o
 .rodata        0x000000000011b488        0xf binaries/panic.o
 *fill*         0x000000000011b497        0x1 
 .rodata        0x000000000011b498      0x1ec binaries/pci.o
 .rodata        0x000000000011b684       0x79 binaries/print_ready_list.o
 .rodata        0x000000000011b6fd       0x1d binaries/ptinit.o
 *fill*         0x000000000011b71a        0x2 
 .rodata        0x000000000011b71c       0x25 binaries/ptsend.o
 *fill*         0x000000000011b741        0x3 
 .rodata        0x000000000011b744       0xb7 binaries/stacktrace.o
 *fill*         0x000000000011b7fb        0x1 
 .rodata        0x000000000011b7fc       0x27 binaries/xdone.o
 *fill*         0x000000000011b823       0x1d 
 .rodata        0x000000000011b840       0x81 binaries/ctype_.o
                0x000000000011b840                _ctype_
 *fill*         0x000000000011b8c1        0x3 
 .rodata        0x000000000011b8c4       0xee binaries/doprnt.o
 *fill*         0x000000000011b9b2        0x2 
 .rodata        0x000000000011b9b4       0x98 binaries/doscan.o
 .rodata        0x000000000011ba4c       0xae binaries/fdoprnt.o
 *fill*         0x000000000011bafa        0x2 
 .rodata        0x000000000011bafc       0x20 binaries/ttycontrol.o
 .rodata        0x000000000011bb1c       0x34 binaries/ttyhandler.o
 .rodata        0x000000000011bb50       0x80 binaries/naminit.o
 .rodata        0x000000000011bbd0       0x2e binaries/82545EMInit.o
 *fill*         0x000000000011bbfe        0x2 
 .rodata        0x000000000011bc00       0x78 binaries/ethinit.o
 .rodata        0x000000000011bc78       0x18 binaries/ethread.o
 .rodata        0x000000000011bc90       0x2c binaries/rdsbufalloc.o
 .rodata        0x000000000011bcbc       0x76 binaries/rdscomm.o
 *fill*         0x000000000011bd32        0x2 
 .rodata        0x000000000011bd34       0x48 binaries/rdscontrol.o
 .rodata        0x000000000011bd7c       0x96 binaries/rdsinit.o
 *fill*         0x000000000011be12        0x2 
 .rodata        0x000000000011be14       0x22 binaries/rdsopen.o
 *fill*         0x000000000011be36        0x2 
 .rodata        0x000000000011be38       0x4d binaries/rdsprocess.o
 .rodata        0x000000000011be85        0x9 binaries/raminit.o
 *fill*         0x000000000011be8e        0x2 
 .rodata        0x000000000011be90       0x37 binaries/lfdballoc.o
 .rodata        0x000000000011bec7       0x14 binaries/lfiballoc.o
 *fill*         0x000000000011bedb        0x1 
 .rodata        0x000000000011bedc       0x23 binaries/lflcontrol.o
 *fill*         0x000000000011beff        0x1 
 .rodata        0x000000000011bf00      0x11b binaries/lfsckfmt.o
 *fill*         0x000000000011c01b        0x1 
 .rodata        0x000000000011c01c       0x2a binaries/lfsopen.o
 *fill*         0x000000000011c046        0x2 
 .rodata        0x000000000011c048       0x21 binaries/rflread.o
 *fill*         0x000000000011c069        0x3 
 .rodata        0x000000000011c06c       0x21 binaries/rflwrite.o
 *fill*         0x000000000011c08d        0x3 
 .rodata        0x000000000011c090       0x75 binaries/rfscomm.o
 *fill*         0x000000000011c105        0x3 
 .rodata        0x000000000011c108       0x3c binaries/rfscontrol.o
 .rodata        0x000000000011c144       0x63 binaries/rfsinit.o
 *fill*         0x000000000011c1a7        0x1 
 .rodata        0x000000000011c1a8       0x2a binaries/rfsndmsg.o
 *fill*         0x000000000011c1d2        0x2 
 .rodata        0x000000000011c1d4       0x22 binaries/rfsopen.o
 *fill*         0x000000000011c1f6        0x2 
 .rodata        0x000000000011c1f8       0x3a binaries/arp.o
 *fill*         0x000000000011c232        0x2 
 .rodata        0x000000000011c234       0xcf binaries/dhcp.o
 .rodata        0x000000000011c303       0x1a binaries/dns.o
 *fill*         0x000000000011c31d        0x3 
 .rodata        0x000000000011c320       0xc9 binaries/hexdump.o
 *fill*         0x000000000011c3e9        0x3 
 .rodata        0x000000000011c3ec       0x29 binaries/icmp.o
 *fill*         0x000000000011c415        0x3 
 .rodata        0x000000000011c418       0x6e binaries/ip.o
 *fill*         0x000000000011c486        0x2 
 .rodata        0x000000000011c488       0x4f binaries/net.o
 *fill*         0x000000000011c4d7        0x1 
 .rodata        0x000000000011c4d8      0x26f binaries/pdump.o
 *fill*         0x000000000011c747        0x1 
 .rodata        0x000000000011c748      0x154 binaries/tftp.o
 .rodata        0x000000000011c89c      0x2c1 binaries/shell.o
 .rodata        0x000000000011cb5d       0x28 binaries/xsh_argecho.o
 *fill*         0x000000000011cb85        0x3 
 .rodata        0x000000000011cb88      0x123 binaries/xsh_arp.o
 *fill*         0x000000000011ccab        0x1 
 .rodata        0x000000000011ccac       0xc9 binaries/xsh_cat.o
 .rodata        0x000000000011cd75       0x19 binaries/xsh_clear.o
 *fill*         0x000000000011cd8e        0x2 
 .rodata        0x000000000011cd90      0x1c3 binaries/xsh_date.o
 .rodata        0x000000000011cf53       0x5d binaries/xsh_devdump.o
 .rodata        0x000000000011cfb0        0x9 binaries/xsh_echo.o
 *fill*         0x000000000011cfb9        0x3 
 .rodata        0x000000000011cfbc      0x169 binaries/xsh_help.o
 *fill*         0x000000000011d125        0x3 
 .rodata        0x000000000011d128      0x12e binaries/xsh_kill.o
 *fill*         0x000000000011d256        0x2 
 .rodata        0x000000000011d258      0x266 binaries/xsh_memdump.o
 *fill*         0x000000000011d4be        0x2 
 .rodata        0x000000000011d4c0      0x225 binaries/xsh_memstat.o
 *fill*         0x000000000011d6e5        0x3 
 .rodata        0x000000000011d6e8      0x1b0 binaries/xsh_netinfo.o
 .rodata        0x000000000011d898      0x1a1 binaries/xsh_ping.o
 *fill*         0x000000000011da39        0x3 
 .rodata        0x000000000011da3c      0x1a8 binaries/xsh_print_ready_list.o
 .rodata        0x000000000011dbe4      0x1a8 binaries/xsh_ps.o
 .rodata        0x000000000011dd8c       0xeb binaries/xsh_sleep.o
 *fill*         0x000000000011de77        0x1 
 .rodata        0x000000000011de78      0x1b8 binaries/xsh_udpdump.o
 .rodata        0x000000000011e030      0x215 binaries/xsh_udpecho.o
 *fill*         0x000000000011e245        0x3 
 .rodata        0x000000000011e248      0x12b binaries/xsh_udpserver.o
 *fill*         0x000000000011e373        0x1 
 .rodata        0x000000000011e374      0x105 binaries/xsh_uptime.o
                0x000000000011e479                etext = ABSOLUTE (.)
                0x000000000011f000                . = ALIGN (0x1000)
 *fill*         0x000000000011e479      0xb87 

.eh_frame       0x000000000011f000     0x31d4
 .eh_frame      0x000000000011f000       0x50 binaries/ascdate.o
 .eh_frame      0x000000000011f050       0x34 binaries/bufinit.o
                                         0x4c (size before relaxing)
 .eh_frame      0x000000000011f084       0x38 binaries/chprio.o
                                         0x50 (size before relaxing)
 .eh_frame      0x000000000011f0bc       0x2c binaries/clkhandler.o
                                         0x58 (size before relaxing)
 .eh_frame      0x000000000011f0e8       0x24 binaries/clkinit.o
                                         0x50 (size before relaxing)
 .eh_frame      0x000000000011f10c       0x24 binaries/close.o
                                         0x50 (size before relaxing)
 .eh_frame      0x000000000011f130       0x24 binaries/control.o
                                         0x50 (size before relaxing)
 .eh_frame      0x000000000011f154       0x48 binaries/create.o
                                         0x88 (size before relaxing)
 .eh_frame      0x000000000011f19c       0x6c binaries/create_user_process.o
                                         0xc0 (size before relaxing)
 .eh_frame      0x000000000011f208       0x6c binaries/evec.o
                                         0xac (size before relaxing)
 .eh_frame      0x000000000011f274       0x24 binaries/exit.o
                                         0x50 (size before relaxing)
 .eh_frame      0x000000000011f298       0x24 binaries/freebuf.o
                                         0x50 (size before relaxing)
 .eh_frame      0x000000000011f2bc       0x24 binaries/freemem.o
                                         0x50 (size before relaxing)
 .eh_frame      0x000000000011f2e0       0x24 binaries/getbuf.o
                                         0x50 (size before relaxing)
 .eh_frame      0x000000000011f304       0x24 binaries/getc.o
                                         0x50 (size before relaxing)
 .eh_frame      0x000000000011f328       0x24 binaries/getdev.o
                                         0x50 (size before relaxing)
 .eh_frame      0x000000000011f34c       0x78 binaries/getitem.o
                                         0xa4 (size before relaxing)
 .eh_frame      0x000000000011f3c4       0x24 binaries/getmem.o
                                         0x50 (size before relaxing)
 .eh_frame      0x000000000011f3e8       0x20 binaries/getpid.o
                                         0x4c (size before relaxing)
 .eh_frame      0x000000000011f408       0x24 binaries/getprio.o
                                         0x50 (size before relaxing)
 .eh_frame      0x000000000011f42c       0x24 binaries/getstk.o
                                         0x50 (size before relaxing)
 .eh_frame      0x000000000011f450       0x20 binaries/getticks.o
                                         0x4c (size before relaxing)
 .eh_frame      0x000000000011f470       0x24 binaries/gettime.o
                                         0x50 (size before relaxing)
 .eh_frame      0x000000000011f494       0x24 binaries/getutime.o
                                         0x50 (size before relaxing)
 .eh_frame      0x000000000011f4b8       0x9c binaries/i386.o
                                         0xc8 (size before relaxing)
 .eh_frame      0x000000000011f554       0x24 binaries/init.o
                                         0x50 (size before relaxing)
 .eh_frame      0x000000000011f578       0xa8 binaries/initialize.o
                                         0xe8 (size before relaxing)
 .eh_frame      0x000000000011f620       0x28 binaries/insert.o
                                         0x54 (size before relaxing)
 .eh_frame      0x000000000011f648       0x28 binaries/insertd.o
                                         0x54 (size before relaxing)
 .eh_frame      0x000000000011f670       0x20 binaries/ioerr.o
                                         0x4c (size before relaxing)
 .eh_frame      0x000000000011f690       0x20 binaries/ionull.o
                                         0x4c (size before relaxing)
 .eh_frame      0x000000000011f6b0       0x2c binaries/kill.o
                                         0x58 (size before relaxing)
 .eh_frame      0x000000000011f6dc       0x6c binaries/kprintf.o
                                         0xac (size before relaxing)
 .eh_frame      0x000000000011f748       0x70 binaries/main.o
                                         0xb0 (size before relaxing)
 .eh_frame      0x000000000011f7b8       0x48 binaries/mark.o
                                         0x74 (size before relaxing)
 .eh_frame      0x000000000011f800       0x20 binaries/meminit.o
                                         0x4c (size before relaxing)
 .eh_frame      0x000000000011f820       0x24 binaries/mkbufpool.o
                                         0x50 (size before relaxing)
 .eh_frame      0x000000000011f844       0x24 binaries/newqueue.o
                                         0x50 (size before relaxing)
 .eh_frame      0x000000000011f868       0x24 binaries/open.o
                                         0x50 (size before relaxing)
 .eh_frame      0x000000000011f88c       0x1c binaries/panic.o
                                         0x48 (size before relaxing)
 .eh_frame      0x000000000011f8a8      0x1ec binaries/pci.o
                                        0x240 (size before relaxing)
 .eh_frame      0x000000000011fa94       0x30 binaries/print_ready_list.o
                                         0x5c (size before relaxing)
 .eh_frame      0x000000000011fac4       0x24 binaries/ptclear.o
                                         0x50 (size before relaxing)
 .eh_frame      0x000000000011fae8       0x24 binaries/ptcount.o
                                         0x50 (size before relaxing)
 .eh_frame      0x000000000011fb0c       0x24 binaries/ptcreate.o
                                         0x50 (size before relaxing)
 .eh_frame      0x000000000011fb30       0x24 binaries/ptdelete.o
                                         0x50 (size before relaxing)
 .eh_frame      0x000000000011fb54       0x24 binaries/ptinit.o
                                         0x50 (size before relaxing)
 .eh_frame      0x000000000011fb78       0x24 binaries/ptrecv.o
                                         0x50 (size before relaxing)
 .eh_frame      0x000000000011fb9c       0x24 binaries/ptreset.o
                                         0x50 (size before relaxing)
 .eh_frame      0x000000000011fbc0       0x24 binaries/ptsend.o
                                         0x50 (size before relaxing)
 .eh_frame      0x000000000011fbe4       0x24 binaries/putc.o
                                         0x50 (size before relaxing)
 .eh_frame      0x000000000011fc08       0x48 binaries/queue.o
                                         0x88 (size before relaxing)
 .eh_frame      0x000000000011fc50       0x24 binaries/read.o
                                         0x50 (size before relaxing)
 .eh_frame      0x000000000011fc74       0x2c binaries/ready.o
                                         0x58 (size before relaxing)
 .eh_frame      0x000000000011fca0       0x24 binaries/receive.o
                                         0x50 (size before relaxing)
 .eh_frame      0x000000000011fcc4       0x24 binaries/recvclr.o
                                         0x50 (size before relaxing)
 .eh_frame      0x000000000011fce8       0x24 binaries/recvtime.o
                                         0x50 (size before relaxing)
 .eh_frame      0x000000000011fd0c       0x48 binaries/resched.o
                                         0x88 (size before relaxing)
 .eh_frame      0x000000000011fd54       0x24 binaries/resume.o
                                         0x50 (size before relaxing)
 .eh_frame      0x000000000011fd78       0x24 binaries/seek.o
                                         0x50 (size before relaxing)
 .eh_frame      0x000000000011fd9c       0x24 binaries/semcount.o
                                         0x50 (size before relaxing)
 .eh_frame      0x000000000011fdc0       0x48 binaries/semcreate.o
                                         0x88 (size before relaxing)
 .eh_frame      0x000000000011fe08       0x24 binaries/semdelete.o
                                         0x50 (size before relaxing)
 .eh_frame      0x000000000011fe2c       0x24 binaries/semreset.o
                                         0x50 (size before relaxing)
 .eh_frame      0x000000000011fe50       0x24 binaries/send.o
                                         0x50 (size before relaxing)
 .eh_frame      0x000000000011fe74       0x24 binaries/signal.o
                                         0x50 (size before relaxing)
 .eh_frame      0x000000000011fe98       0x24 binaries/signaln.o
                                         0x50 (size before relaxing)
 .eh_frame      0x000000000011febc       0x44 binaries/sleep.o
                                         0x84 (size before relaxing)
 .eh_frame      0x000000000011ff00       0x24 binaries/stacktrace.o
                                         0x50 (size before relaxing)
 .eh_frame      0x000000000011ff24       0x24 binaries/suspend.o
                                         0x50 (size before relaxing)
 .eh_frame      0x000000000011ff48       0x24 binaries/unsleep.o
                                         0x50 (size before relaxing)
 .eh_frame      0x000000000011ff6c       0x24 binaries/userret.o
                                         0x50 (size before relaxing)
 .eh_frame      0x000000000011ff90       0x24 binaries/wait.o
                                         0x50 (size before relaxing)
 .eh_frame      0x000000000011ffb4       0x24 binaries/wakeup.o
                                         0x50 (size before relaxing)
 .eh_frame      0x000000000011ffd8       0x24 binaries/write.o
                                         0x50 (size before relaxing)
 .eh_frame      0x000000000011fffc       0x24 binaries/xdone.o
                                         0x50 (size before relaxing)
 .eh_frame      0x0000000000120020       0x24 binaries/yield.o
                                         0x50 (size before relaxing)
 .eh_frame      0x0000000000120044       0x20 binaries/abs.o
                                         0x4c (size before relaxing)
 .eh_frame      0x0000000000120064       0x20 binaries/atoi.o
                                         0x4c (size before relaxing)
 .eh_frame      0x0000000000120084       0x20 binaries/atol.o
                                         0x4c (size before relaxing)
 .eh_frame      0x00000000001200a4       0x20 binaries/bzero.o
                                         0x4c (size before relaxing)
 .eh_frame      0x00000000001200c4       0xec binaries/doprnt.o
                                        0x140 (size before relaxing)
 .eh_frame      0x00000000001201b0       0xc8 binaries/doscan.o
                                         0xf4 (size before relaxing)
 .eh_frame      0x0000000000120278       0xcc binaries/fdoprnt.o
                                        0x10c (size before relaxing)
 .eh_frame      0x0000000000120344       0x24 binaries/fgetc.o
                                         0x50 (size before relaxing)
 .eh_frame      0x0000000000120368       0x24 binaries/fgets.o
                                         0x50 (size before relaxing)
 .eh_frame      0x000000000012038c       0x24 binaries/fprintf.o
                                         0x50 (size before relaxing)
 .eh_frame      0x00000000001203b0       0x24 binaries/fputc.o
                                         0x50 (size before relaxing)
 .eh_frame      0x00000000001203d4       0x24 binaries/fputs.o
                                         0x50 (size before relaxing)
 .eh_frame      0x00000000001203f8       0x68 binaries/fscanf.o
                                         0x94 (size before relaxing)
 .eh_frame      0x0000000000120460       0x24 binaries/getchar.o
                                         0x50 (size before relaxing)
 .eh_frame      0x0000000000120484       0x20 binaries/labs.o
                                         0x4c (size before relaxing)
 .eh_frame      0x00000000001204a4       0x20 binaries/memcmp.o
                                         0x4c (size before relaxing)
 .eh_frame      0x00000000001204c4       0x24 binaries/memcpy.o
                                         0x50 (size before relaxing)
 .eh_frame      0x00000000001204e8       0x24 binaries/memset.o
                                         0x50 (size before relaxing)
 .eh_frame      0x000000000012050c       0x24 binaries/printf.o
                                         0x50 (size before relaxing)
 .eh_frame      0x0000000000120530       0x24 binaries/putchar.o
                                         0x50 (size before relaxing)
 .eh_frame      0x0000000000120554       0xa4 binaries/qsort.o
                                         0xd0 (size before relaxing)
 .eh_frame      0x00000000001205f8       0x60 binaries/rand.o
                                         0x8c (size before relaxing)
 .eh_frame      0x0000000000120658       0x44 binaries/sprintf.o
                                         0x70 (size before relaxing)
 .eh_frame      0x000000000012069c       0x64 binaries/sscanf.o
                                         0x90 (size before relaxing)
 .eh_frame      0x0000000000120700       0x20 binaries/strchr.o
                                         0x4c (size before relaxing)
 .eh_frame      0x0000000000120720       0x20 binaries/strcmp.o
                                         0x4c (size before relaxing)
 .eh_frame      0x0000000000120740       0x20 binaries/strcpy.o
                                         0x4c (size before relaxing)
 .eh_frame      0x0000000000120760       0x20 binaries/strlen.o
                                         0x4c (size before relaxing)
 .eh_frame      0x0000000000120780       0x20 binaries/strncat.o
                                         0x4c (size before relaxing)
 .eh_frame      0x00000000001207a0       0x20 binaries/strncmp.o
                                         0x4c (size before relaxing)
 .eh_frame      0x00000000001207c0       0x28 binaries/strncpy.o
                                         0x54 (size before relaxing)
 .eh_frame      0x00000000001207e8       0x20 binaries/strnlen.o
                                         0x4c (size before relaxing)
 .eh_frame      0x0000000000120808       0x20 binaries/strrchr.o
                                         0x4c (size before relaxing)
 .eh_frame      0x0000000000120828       0x20 binaries/strstr.o
                                         0x4c (size before relaxing)
 .eh_frame      0x0000000000120848       0x24 binaries/ttycontrol.o
                                         0x50 (size before relaxing)
 .eh_frame      0x000000000012086c       0x24 binaries/ttygetc.o
                                         0x50 (size before relaxing)
 .eh_frame      0x0000000000120890       0x88 binaries/ttyhandle_in.o
                                         0xdc (size before relaxing)
 .eh_frame      0x0000000000120918       0x24 binaries/ttyhandle_out.o
                                         0x50 (size before relaxing)
 .eh_frame      0x000000000012093c       0x24 binaries/ttyhandler.o
                                         0x50 (size before relaxing)
 .eh_frame      0x0000000000120960       0x24 binaries/ttyinit.o
                                         0x50 (size before relaxing)
 .eh_frame      0x0000000000120984       0x24 binaries/ttykickout.o
                                         0x50 (size before relaxing)
 .eh_frame      0x00000000001209a8       0x24 binaries/ttyputc.o
                                         0x50 (size before relaxing)
 .eh_frame      0x00000000001209cc       0x24 binaries/ttyread.o
                                         0x50 (size before relaxing)
 .eh_frame      0x00000000001209f0       0x24 binaries/ttywrite.o
                                         0x50 (size before relaxing)
 .eh_frame      0x0000000000120a14       0x44 binaries/mount.o
                                         0x84 (size before relaxing)
 .eh_frame      0x0000000000120a58       0x24 binaries/naminit.o
                                         0x50 (size before relaxing)
 .eh_frame      0x0000000000120a7c       0x68 binaries/nammap.o
                                         0xa8 (size before relaxing)
 .eh_frame      0x0000000000120ae4       0x24 binaries/namopen.o
                                         0x50 (size before relaxing)
 .eh_frame      0x0000000000120b08      0x158 binaries/82545EMInit.o
                                        0x198 (size before relaxing)
 .eh_frame      0x0000000000120c60       0xac binaries/ethcontrol.o
                                        0x100 (size before relaxing)
 .eh_frame      0x0000000000120d0c       0x90 binaries/ethhandler.o
                                         0xd0 (size before relaxing)
 .eh_frame      0x0000000000120d9c       0x24 binaries/ethinit.o
                                         0x50 (size before relaxing)
 .eh_frame      0x0000000000120dc0       0x6c binaries/ethread.o
                                         0x98 (size before relaxing)
 .eh_frame      0x0000000000120e2c       0x6c binaries/ethwrite.o
                                         0x98 (size before relaxing)
 .eh_frame      0x0000000000120e98       0x24 binaries/rdsbufalloc.o
                                         0x50 (size before relaxing)
 .eh_frame      0x0000000000120ebc       0x20 binaries/rdsclose.o
                                         0x4c (size before relaxing)
 .eh_frame      0x0000000000120edc       0x24 binaries/rdscomm.o
                                         0x50 (size before relaxing)
 .eh_frame      0x0000000000120f00       0x24 binaries/rdscontrol.o
                                         0x50 (size before relaxing)
 .eh_frame      0x0000000000120f24       0x24 binaries/rdsinit.o
                                         0x50 (size before relaxing)
 .eh_frame      0x0000000000120f48       0x24 binaries/rdsopen.o
                                         0x50 (size before relaxing)
 .eh_frame      0x0000000000120f6c       0x1c binaries/rdsprocess.o
                                         0x48 (size before relaxing)
 .eh_frame      0x0000000000120f88       0x24 binaries/rdsread.o
                                         0x50 (size before relaxing)
 .eh_frame      0x0000000000120fac       0x24 binaries/rdswrite.o
                                         0x50 (size before relaxing)
 .eh_frame      0x0000000000120fd0       0x20 binaries/ramclose.o
                                         0x4c (size before relaxing)
 .eh_frame      0x0000000000120ff0       0x24 binaries/raminit.o
                                         0x50 (size before relaxing)
 .eh_frame      0x0000000000121014       0x20 binaries/ramopen.o
                                         0x4c (size before relaxing)
 .eh_frame      0x0000000000121034       0x24 binaries/ramread.o
                                         0x50 (size before relaxing)
 .eh_frame      0x0000000000121058       0x24 binaries/ramwrite.o
                                         0x50 (size before relaxing)
 .eh_frame      0x000000000012107c       0x24 binaries/lfdballoc.o
                                         0x50 (size before relaxing)
 .eh_frame      0x00000000001210a0       0x24 binaries/lfdbfree.o
                                         0x50 (size before relaxing)
 .eh_frame      0x00000000001210c4       0x24 binaries/lfflush.o
                                         0x50 (size before relaxing)
 .eh_frame      0x00000000001210e8       0x20 binaries/lfgetmode.o
                                         0x4c (size before relaxing)
 .eh_frame      0x0000000000121108       0x24 binaries/lfiballoc.o
                                         0x50 (size before relaxing)
 .eh_frame      0x000000000012112c       0x20 binaries/lfibclear.o
                                         0x4c (size before relaxing)
 .eh_frame      0x000000000012114c       0x24 binaries/lfibget.o
                                         0x50 (size before relaxing)
 .eh_frame      0x0000000000121170       0x24 binaries/lfibput.o
                                         0x50 (size before relaxing)
 .eh_frame      0x0000000000121194       0x24 binaries/lflclose.o
                                         0x50 (size before relaxing)
 .eh_frame      0x00000000001211b8       0x24 binaries/lflcontrol.o
                                         0x50 (size before relaxing)
 .eh_frame      0x00000000001211dc       0x24 binaries/lflgetc.o
                                         0x50 (size before relaxing)
 .eh_frame      0x0000000000121200       0x24 binaries/lflinit.o
                                         0x50 (size before relaxing)
 .eh_frame      0x0000000000121224       0x24 binaries/lflputc.o
                                         0x50 (size before relaxing)
 .eh_frame      0x0000000000121248       0x24 binaries/lflread.o
                                         0x50 (size before relaxing)
 .eh_frame      0x000000000012126c       0x24 binaries/lflseek.o
                                         0x50 (size before relaxing)
 .eh_frame      0x0000000000121290       0x24 binaries/lflwrite.o
                                         0x50 (size before relaxing)
 .eh_frame      0x00000000001212b4       0x20 binaries/lfscheck.o
                                         0x4c (size before relaxing)
 .eh_frame      0x00000000001212d4       0x24 binaries/lfsckfmt.o
                                         0x50 (size before relaxing)
 .eh_frame      0x00000000001212f8       0x24 binaries/lfscreate.o
                                         0x50 (size before relaxing)
 .eh_frame      0x000000000012131c       0x24 binaries/lfsetup.o
                                         0x50 (size before relaxing)
 .eh_frame      0x0000000000121340       0x24 binaries/lfsinit.o
                                         0x50 (size before relaxing)
 .eh_frame      0x0000000000121364       0x24 binaries/lfsopen.o
                                         0x50 (size before relaxing)
 .eh_frame      0x0000000000121388       0x24 binaries/lftruncate.o
                                         0x50 (size before relaxing)
 .eh_frame      0x00000000001213ac       0x24 binaries/rflclose.o
                                         0x50 (size before relaxing)
 .eh_frame      0x00000000001213d0       0x24 binaries/rflgetc.o
                                         0x50 (size before relaxing)
 .eh_frame      0x00000000001213f4       0x20 binaries/rflinit.o
                                         0x4c (size before relaxing)
 .eh_frame      0x0000000000121414       0x24 binaries/rflputc.o
                                         0x50 (size before relaxing)
 .eh_frame      0x0000000000121438       0x24 binaries/rflread.o
                                         0x50 (size before relaxing)
 .eh_frame      0x000000000012145c       0x24 binaries/rflseek.o
                                         0x50 (size before relaxing)
 .eh_frame      0x0000000000121480       0x24 binaries/rflwrite.o
                                         0x50 (size before relaxing)
 .eh_frame      0x00000000001214a4       0x24 binaries/rfscomm.o
                                         0x50 (size before relaxing)
 .eh_frame      0x00000000001214c8       0x24 binaries/rfscontrol.o
                                         0x50 (size before relaxing)
 .eh_frame      0x00000000001214ec       0x20 binaries/rfsgetmode.o
                                         0x4c (size before relaxing)
 .eh_frame      0x000000000012150c       0x24 binaries/rfsinit.o
                                         0x50 (size before relaxing)
 .eh_frame      0x0000000000121530       0x24 binaries/rfsndmsg.o
                                         0x50 (size before relaxing)
 .eh_frame      0x0000000000121554       0x24 binaries/rfsopen.o
                                         0x50 (size before relaxing)
 .eh_frame      0x0000000000121578       0xd0 binaries/arp.o
                                        0x124 (size before relaxing)
 .eh_frame      0x0000000000121648       0xac binaries/dhcp.o
                                         0xec (size before relaxing)
 .eh_frame      0x00000000001216f4       0x90 binaries/dns.o
                                         0xd0 (size before relaxing)
 .eh_frame      0x0000000000121784       0x20 binaries/dot2ip.o
                                         0x4c (size before relaxing)
 .eh_frame      0x00000000001217a4       0x48 binaries/hexdump.o
                                         0x74 (size before relaxing)
 .eh_frame      0x00000000001217ec      0x168 binaries/icmp.o
                                        0x1bc (size before relaxing)
 .eh_frame      0x0000000000121954      0x130 binaries/ip.o
                                        0x170 (size before relaxing)
 .eh_frame      0x0000000000121a84       0xa8 binaries/net.o
                                         0xfc (size before relaxing)
 .eh_frame      0x0000000000121b2c       0x60 binaries/pdump.o
                                         0xa0 (size before relaxing)
 .eh_frame      0x0000000000121b8c       0x68 binaries/tftp.o
                                         0xa8 (size before relaxing)
 .eh_frame      0x0000000000121bf4      0x160 binaries/udp.o
                                        0x1b4 (size before relaxing)
 .eh_frame      0x0000000000121d54       0x24 binaries/addargs.o
                                         0x50 (size before relaxing)
 .eh_frame      0x0000000000121d78       0x20 binaries/lexan.o
                                         0x4c (size before relaxing)
 .eh_frame      0x0000000000121d98       0x2c binaries/shell.o
                                         0x58 (size before relaxing)
 .eh_frame      0x0000000000121dc4       0x24 binaries/xsh_argecho.o
                                         0x50 (size before relaxing)
 .eh_frame      0x0000000000121de8       0x48 binaries/xsh_arp.o
                                         0x74 (size before relaxing)
 .eh_frame      0x0000000000121e30       0x2c binaries/xsh_cat.o
                                         0x58 (size before relaxing)
 .eh_frame      0x0000000000121e5c       0x28 binaries/xsh_clear.o
                                         0x54 (size before relaxing)
 .eh_frame      0x0000000000121e84       0x2c binaries/xsh_date.o
                                         0x58 (size before relaxing)
 .eh_frame      0x0000000000121eb0       0x24 binaries/xsh_devdump.o
                                         0x50 (size before relaxing)
 .eh_frame      0x0000000000121ed4       0x24 binaries/xsh_echo.o
                                         0x50 (size before relaxing)
 .eh_frame      0x0000000000121ef8       0x20 binaries/xsh_exit.o
                                         0x4c (size before relaxing)
 .eh_frame      0x0000000000121f18       0x2c binaries/xsh_help.o
                                         0x58 (size before relaxing)
 .eh_frame      0x0000000000121f44       0x2c binaries/xsh_kill.o
                                         0x58 (size before relaxing)
 .eh_frame      0x0000000000121f70       0x4c binaries/xsh_memdump.o
                                         0x8c (size before relaxing)
 .eh_frame      0x0000000000121fbc       0x74 binaries/xsh_memstat.o
                                         0xa0 (size before relaxing)
 .eh_frame      0x0000000000122030       0x30 binaries/xsh_netinfo.o
                                         0x5c (size before relaxing)
 .eh_frame      0x0000000000122060       0x30 binaries/xsh_ping.o
                                         0x5c (size before relaxing)
 .eh_frame      0x0000000000122090       0x30 binaries/xsh_print_ready_list.o
                                         0x5c (size before relaxing)
 .eh_frame      0x00000000001220c0       0x30 binaries/xsh_ps.o
                                         0x5c (size before relaxing)
 .eh_frame      0x00000000001220f0       0x2c binaries/xsh_sleep.o
                                         0x58 (size before relaxing)
 .eh_frame      0x000000000012211c       0x2c binaries/xsh_udpdump.o
                                         0x58 (size before relaxing)
 .eh_frame      0x0000000000122148       0x30 binaries/xsh_udpecho.o
                                         0x5c (size before relaxing)
 .eh_frame      0x0000000000122178       0x30 binaries/xsh_udpserver.o
                                         0x5c (size before relaxing)
 .eh_frame      0x00000000001221a8       0x2c binaries/xsh_uptime.o
                                         0x58 (size before relaxing)

.iplt           0x00000000001221d8        0x0
 .iplt          0x00000000001221d8        0x0 binaries/start.o

.rel.dyn        0x00000000001221d4        0x0
 .rel.got       0x00000000001221d4        0x0 binaries/start.o
 .rel.iplt      0x00000000001221d4        0x0 binaries/start.o
 .rel.text      0x00000000001221d4        0x0 binaries/start.o

.data           0x00000000001221e0      0xe20
                0x00000000001221e0                data = ABSOLUTE (.)
 *(.data .data.*)
 .data          0x00000000001221e0      0x460 binaries/start.o
                0x00000000001221e0                gdt
                0x0000000000122220                gdtr
                0x0000000000122226                idt
                0x0000000000122626                idtr
                0x000000000012262c                cpudelay
                0x0000000000122630                _bootdev
                0x0000000000122634                _cyloffset
 .data          0x0000000000122640        0x0 binaries/ascdate.o
 .data.rel.local
                0x0000000000122640       0x88 binaries/ascdate.o
                0x0000000000122640                Date
 .data          0x00000000001226c8        0x0 binaries/bufinit.o
 .data          0x00000000001226c8        0x0 binaries/chprio.o
 .data          0x00000000001226c8        0x4 binaries/clkhandler.o
 .data          0x00000000001226cc        0x0 binaries/clkinit.o
 .data          0x00000000001226cc        0x0 binaries/close.o
 .data          0x00000000001226cc        0x0 binaries/conf.o
 *fill*         0x00000000001226cc       0x14 
 .data.rel      0x00000000001226e0      0x5a0 binaries/conf.o
                0x00000000001226e0                devtab
 .data          0x0000000000122c80        0x0 binaries/control.o
 .data          0x0000000000122c80        0x4 binaries/create.o
 .data          0x0000000000122c84        0x4 binaries/create_user_process.o
 .data          0x0000000000122c88        0x0 binaries/evec.o
 *fill*         0x0000000000122c88       0x18 
 .data.rel.local
                0x0000000000122ca0       0x40 binaries/evec.o
                0x0000000000122ca0                inames
 .data          0x0000000000122ce0        0x0 binaries/exit.o
 .data          0x0000000000122ce0        0x0 binaries/freebuf.o
 .data          0x0000000000122ce0        0x0 binaries/freemem.o
 .data          0x0000000000122ce0        0x0 binaries/getbuf.o
 .data          0x0000000000122ce0        0x0 binaries/getc.o
 .data          0x0000000000122ce0        0x0 binaries/getdev.o
 .data          0x0000000000122ce0        0x0 binaries/getitem.o
 .data          0x0000000000122ce0        0x0 binaries/getmem.o
 .data          0x0000000000122ce0        0x0 binaries/getpid.o
 .data          0x0000000000122ce0        0x0 binaries/getprio.o
 .data          0x0000000000122ce0        0x0 binaries/getstk.o
 .data          0x0000000000122ce0        0x0 binaries/getticks.o
 .data          0x0000000000122ce0        0x0 binaries/gettime.o
 .data          0x0000000000122ce0        0x0 binaries/getutime.o
 .data          0x0000000000122ce0       0x40 binaries/i386.o
                0x0000000000122ce0                gdt_copy
 .data          0x0000000000122d20        0x0 binaries/init.o
 .data          0x0000000000122d20        0x0 binaries/initialize.o
 .data          0x0000000000122d20        0x0 binaries/insert.o
 .data          0x0000000000122d20        0x0 binaries/insertd.o
 .data          0x0000000000122d20        0x0 binaries/ioerr.o
 .data          0x0000000000122d20        0x0 binaries/ionull.o
 .data          0x0000000000122d20        0x0 binaries/kill.o
 .data          0x0000000000122d20        0x0 binaries/kprintf.o
 .data          0x0000000000122d20        0x0 binaries/main.o
 .data          0x0000000000122d20        0x0 binaries/mark.o
 .data          0x0000000000122d20        0x0 binaries/meminit.o
 .data          0x0000000000122d20        0x0 binaries/mkbufpool.o
 .data          0x0000000000122d20        0x2 binaries/newqueue.o
 .data          0x0000000000122d22        0x0 binaries/open.o
 .data          0x0000000000122d22        0x0 binaries/panic.o
 *fill*         0x0000000000122d22        0x2 
 .data          0x0000000000122d24       0x10 binaries/pci.o
 *fill*         0x0000000000122d34        0xc 
 .data          0x0000000000122d40       0x20 binaries/print_ready_list.o
 .data          0x0000000000122d60        0x0 binaries/ptclear.o
 .data          0x0000000000122d60        0x0 binaries/ptcount.o
 .data          0x0000000000122d60        0x0 binaries/ptcreate.o
 .data          0x0000000000122d60        0x0 binaries/ptdelete.o
 .data          0x0000000000122d60        0x0 binaries/ptinit.o
 .data          0x0000000000122d60        0x0 binaries/ptrecv.o
 .data          0x0000000000122d60        0x0 binaries/ptreset.o
 .data          0x0000000000122d60        0x0 binaries/ptsend.o
 .data          0x0000000000122d60        0x0 binaries/putc.o
 .data          0x0000000000122d60        0x0 binaries/queue.o
 .data          0x0000000000122d60        0x0 binaries/read.o
 .data          0x0000000000122d60        0x0 binaries/ready.o
 .data          0x0000000000122d60        0x0 binaries/receive.o
 .data          0x0000000000122d60        0x0 binaries/recvclr.o
 .data          0x0000000000122d60        0x0 binaries/recvtime.o
 .data          0x0000000000122d60        0x0 binaries/resched.o
 .data          0x0000000000122d60        0x0 binaries/resume.o
 .data          0x0000000000122d60        0x0 binaries/seek.o
 .data          0x0000000000122d60        0x0 binaries/semcount.o
 .data          0x0000000000122d60        0x0 binaries/semcreate.o
 .data          0x0000000000122d60        0x0 binaries/semdelete.o
 .data          0x0000000000122d60        0x0 binaries/semreset.o
 .data          0x0000000000122d60        0x0 binaries/send.o
 .data          0x0000000000122d60        0x0 binaries/signal.o
 .data          0x0000000000122d60        0x0 binaries/signaln.o
 .data          0x0000000000122d60        0x0 binaries/sleep.o
 .data          0x0000000000122d60        0x0 binaries/stacktrace.o
 .data          0x0000000000122d60        0x0 binaries/suspend.o
 .data          0x0000000000122d60        0x0 binaries/unsleep.o
 .data          0x0000000000122d60        0x0 binaries/userret.o
 .data          0x0000000000122d60        0x0 binaries/wait.o
 .data          0x0000000000122d60        0x0 binaries/wakeup.o
 .data          0x0000000000122d60        0x0 binaries/write.o
 .data          0x0000000000122d60        0x0 binaries/xdone.o
 .data          0x0000000000122d60        0x0 binaries/yield.o
 .data          0x0000000000122d60        0x0 binaries/abs.o
 .data          0x0000000000122d60        0x0 binaries/atoi.o
 .data          0x0000000000122d60        0x0 binaries/atol.o
 .data          0x0000000000122d60        0x0 binaries/bzero.o
 .data          0x0000000000122d60        0x0 binaries/ctype_.o
 .data          0x0000000000122d60        0x0 binaries/doprnt.o
 .data          0x0000000000122d60       0x80 binaries/doscan.o
                0x0000000000122d60                _sctab
 .data          0x0000000000122de0        0x0 binaries/fdoprnt.o
 .data          0x0000000000122de0        0x0 binaries/fgetc.o
 .data          0x0000000000122de0        0x0 binaries/fgets.o
 .data          0x0000000000122de0        0x0 binaries/fprintf.o
 .data          0x0000000000122de0        0x0 binaries/fputc.o
 .data          0x0000000000122de0        0x0 binaries/fputs.o
 .data          0x0000000000122de0        0x0 binaries/fscanf.o
 .data          0x0000000000122de0        0x0 binaries/getchar.o
 .data          0x0000000000122de0        0x0 binaries/labs.o
 .data          0x0000000000122de0        0x0 binaries/memchr.o
 .data          0x0000000000122de0        0x0 binaries/memcmp.o
 .data          0x0000000000122de0        0x0 binaries/memcpy.o
 .data          0x0000000000122de0        0x0 binaries/memset.o
 .data          0x0000000000122de0        0x0 binaries/printf.o
 .data          0x0000000000122de0        0x0 binaries/putchar.o
 .data          0x0000000000122de0        0x0 binaries/qsort.o
 .data          0x0000000000122de0        0x4 binaries/rand.o
 .data          0x0000000000122de4        0x0 binaries/sprintf.o
 .data          0x0000000000122de4        0x0 binaries/sscanf.o
 .data          0x0000000000122de4        0x0 binaries/strchr.o
 .data          0x0000000000122de4        0x0 binaries/strcmp.o
 .data          0x0000000000122de4        0x0 binaries/strcpy.o
 .data          0x0000000000122de4        0x0 binaries/strlen.o
 .data          0x0000000000122de4        0x0 binaries/strncat.o
 .data          0x0000000000122de4        0x0 binaries/strncmp.o
 .data          0x0000000000122de4        0x0 binaries/strncpy.o
 .data          0x0000000000122de4        0x0 binaries/strnlen.o
 .data          0x0000000000122de4        0x0 binaries/strrchr.o
 .data          0x0000000000122de4        0x0 binaries/strstr.o
 .data          0x0000000000122de4        0x0 binaries/ttycontrol.o
 .data          0x0000000000122de4        0x0 binaries/ttygetc.o
 .data          0x0000000000122de4        0x0 binaries/ttyhandle_in.o
 .data          0x0000000000122de4        0x0 binaries/ttyhandle_out.o
 .data          0x0000000000122de4        0x0 binaries/ttyhandler.o
 .data          0x0000000000122de4        0x0 binaries/ttyinit.o
 .data          0x0000000000122de4        0x0 binaries/ttykickout.o
 .data          0x0000000000122de4        0x0 binaries/ttyputc.o
 .data          0x0000000000122de4        0x0 binaries/ttyread.o
 .data          0x0000000000122de4        0x0 binaries/ttywrite.o
 .data          0x0000000000122de4        0x0 binaries/mount.o
 .data          0x0000000000122de4        0x0 binaries/naminit.o
 .data          0x0000000000122de4        0x0 binaries/nammap.o
 .data          0x0000000000122de4        0x0 binaries/namopen.o
 .data          0x0000000000122de4        0x0 binaries/82545EMInit.o
 .data          0x0000000000122de4        0x0 binaries/ethcontrol.o
 .data          0x0000000000122de4        0x0 binaries/ethhandler.o
 .data          0x0000000000122de4        0x0 binaries/ethinit.o
 .data          0x0000000000122de4        0x0 binaries/ethread.o
 .data          0x0000000000122de4        0x0 binaries/ethwrite.o
 .data          0x0000000000122de4        0x0 binaries/rdsbufalloc.o
 .data          0x0000000000122de4        0x0 binaries/rdsclose.o
 .data          0x0000000000122de4        0x0 binaries/rdscomm.o
 .data          0x0000000000122de4        0x0 binaries/rdscontrol.o
 .data          0x0000000000122de4        0x0 binaries/rdsinit.o
 .data          0x0000000000122de4        0x0 binaries/rdsopen.o
 .data          0x0000000000122de4        0x0 binaries/rdsprocess.o
 .data          0x0000000000122de4        0x0 binaries/rdsread.o
 .data          0x0000000000122de4        0x0 binaries/rdswrite.o
 .data          0x0000000000122de4        0x0 binaries/ramclose.o
 .data          0x0000000000122de4        0x0 binaries/raminit.o
 .data          0x0000000000122de4        0x0 binaries/ramopen.o
 .data          0x0000000000122de4        0x0 binaries/ramread.o
 .data          0x0000000000122de4        0x0 binaries/ramwrite.o
 .data          0x0000000000122de4        0x0 binaries/lfdballoc.o
 .data          0x0000000000122de4        0x0 binaries/lfdbfree.o
 .data          0x0000000000122de4        0x0 binaries/lfflush.o
 .data          0x0000000000122de4        0x0 binaries/lfgetmode.o
 .data          0x0000000000122de4        0x0 binaries/lfiballoc.o
 .data          0x0000000000122de4        0x0 binaries/lfibclear.o
 .data          0x0000000000122de4        0x0 binaries/lfibget.o
 .data          0x0000000000122de4        0x0 binaries/lfibput.o
 .data          0x0000000000122de4        0x0 binaries/lflclose.o
 .data          0x0000000000122de4        0x0 binaries/lflcontrol.o
 .data          0x0000000000122de4        0x0 binaries/lflgetc.o
 .data          0x0000000000122de4        0x0 binaries/lflinit.o
 .data          0x0000000000122de4        0x0 binaries/lflputc.o
 .data          0x0000000000122de4        0x0 binaries/lflread.o
 .data          0x0000000000122de4        0x0 binaries/lflseek.o
 .data          0x0000000000122de4        0x0 binaries/lflwrite.o
 .data          0x0000000000122de4        0x0 binaries/lfscheck.o
 .data          0x0000000000122de4        0x0 binaries/lfsckfmt.o
 .data          0x0000000000122de4        0x0 binaries/lfscreate.o
 .data          0x0000000000122de4        0x0 binaries/lfsetup.o
 .data          0x0000000000122de4        0x0 binaries/lfsinit.o
 .data          0x0000000000122de4        0x0 binaries/lfsopen.o
 .data          0x0000000000122de4        0x0 binaries/lftruncate.o
 .data          0x0000000000122de4        0x0 binaries/rflclose.o
 .data          0x0000000000122de4        0x0 binaries/rflgetc.o
 .data          0x0000000000122de4        0x0 binaries/rflinit.o
 .data          0x0000000000122de4        0x0 binaries/rflputc.o
 .data          0x0000000000122de4        0x0 binaries/rflread.o
 .data          0x0000000000122de4        0x0 binaries/rflseek.o
 .data          0x0000000000122de4        0x0 binaries/rflwrite.o
 .data          0x0000000000122de4        0x0 binaries/rfscomm.o
 .data          0x0000000000122de4        0x0 binaries/rfscontrol.o
 .data          0x0000000000122de4        0x0 binaries/rfsgetmode.o
 .data          0x0000000000122de4        0x0 binaries/rfsinit.o
 .data          0x0000000000122de4        0x0 binaries/rfsndmsg.o
 .data          0x0000000000122de4        0x0 binaries/rfsopen.o
 .data          0x0000000000122de4        0x0 binaries/arp.o
 .data          0x0000000000122de4        0x0 binaries/dhcp.o
 .data          0x0000000000122de4        0x0 binaries/dns.o
 .data          0x0000000000122de4        0x0 binaries/dot2ip.o
 .data          0x0000000000122de4        0x0 binaries/hexdump.o
 .data          0x0000000000122de4        0x4 binaries/icmp.o
 .data          0x0000000000122de8        0x0 binaries/ip.o
 .data          0x0000000000122de8        0x0 binaries/net.o
 .data          0x0000000000122de8        0x0 binaries/pdump.o
 .data          0x0000000000122de8        0x0 binaries/tftp.o
 .data          0x0000000000122de8        0x4 binaries/udp.o
 .data          0x0000000000122dec        0x0 binaries/addargs.o
 .data          0x0000000000122dec        0x0 binaries/lexan.o
 .data          0x0000000000122dec        0x4 binaries/shell.o
                0x0000000000122dec                ncmd
 *fill*         0x0000000000122df0       0x10 
 .data.rel.ro   0x0000000000122e00       0xfc binaries/shell.o
                0x0000000000122e00                cmdtab
 .data          0x0000000000122efc        0x0 binaries/xsh_argecho.o
 .data          0x0000000000122efc        0x0 binaries/xsh_arp.o
 .data          0x0000000000122efc        0x0 binaries/xsh_cat.o
 .data          0x0000000000122efc        0x0 binaries/xsh_clear.o
 .data          0x0000000000122efc        0x0 binaries/xsh_date.o
 .data          0x0000000000122efc        0x0 binaries/xsh_devdump.o
 .data          0x0000000000122efc        0x0 binaries/xsh_echo.o
 .data          0x0000000000122efc        0x0 binaries/xsh_exit.o
 .data          0x0000000000122efc        0x0 binaries/xsh_help.o
 .data          0x0000000000122efc        0x0 binaries/xsh_kill.o
 .data          0x0000000000122efc        0x0 binaries/xsh_memdump.o
 .data          0x0000000000122efc        0x0 binaries/xsh_memstat.o
 .data          0x0000000000122efc        0x0 binaries/xsh_netinfo.o
 .data          0x0000000000122efc        0x0 binaries/xsh_ping.o
 *fill*         0x0000000000122efc        0x4 
 .data          0x0000000000122f00       0x20 binaries/xsh_print_ready_list.o
 .data          0x0000000000122f20       0x20 binaries/xsh_ps.o
 .data          0x0000000000122f40        0x0 binaries/xsh_sleep.o
 .data          0x0000000000122f40        0x0 binaries/xsh_udpdump.o
 .data          0x0000000000122f40        0x0 binaries/xsh_udpecho.o
 .data          0x0000000000122f40        0x0 binaries/xsh_udpserver.o
 .data          0x0000000000122f40        0x0 binaries/xsh_uptime.o
 .data          0x0000000000122f40        0x0 binaries/clkdisp.o
 .data          0x0000000000122f40        0x0 binaries/ctxsw.o
 .data          0x0000000000122f40        0x0 binaries/intr.o
 .data          0x0000000000122f40        0x0 binaries/ttydispatch.o
 .data          0x0000000000122f40        0x0 binaries/ethdispatch.o
                0x0000000000122f40                edata = ABSOLUTE (.)
                0x0000000000122f40                _edata = ABSOLUTE (.)
                0x0000000000123000                . = ALIGN (0x1000)
 *fill*         0x0000000000122f40       0xc0 

.got            0x0000000000123000        0x0
 .got           0x0000000000123000        0x0 binaries/start.o

.got.plt        0x0000000000123000        0xc
 .got.plt       0x0000000000123000        0xc binaries/start.o
                0x0000000000123000                _GLOBAL_OFFSET_TABLE_

.igot.plt       0x000000000012300c        0x0
 .igot.plt      0x000000000012300c        0x0 binaries/start.o

.bss            0x0000000000123020    0x1ffe0
                0x0000000000123020                bss = ABSOLUTE (.)
 *(.bss .bss.*)
 .bss           0x0000000000123020        0x0 binaries/start.o
 .bss           0x0000000000123020        0x0 binaries/ascdate.o
 .bss           0x0000000000123020        0x0 binaries/bufinit.o
 .bss           0x0000000000123020        0x0 binaries/chprio.o
 .bss           0x0000000000123020        0x0 binaries/clkhandler.o
 .bss           0x0000000000123020        0x4 binaries/clkinit.o
                0x0000000000123020                ctr1000
 .bss           0x0000000000123024        0x0 binaries/close.o
 .bss           0x0000000000123024        0x0 binaries/conf.o
 .bss           0x0000000000123024        0x0 binaries/control.o
 .bss           0x0000000000123024        0x0 binaries/create.o
 .bss           0x0000000000123024        0x0 binaries/create_user_process.o
 .bss           0x0000000000123024        0x4 binaries/evec.o
 .bss           0x0000000000123028        0x0 binaries/exit.o
 .bss           0x0000000000123028        0x0 binaries/freebuf.o
 .bss           0x0000000000123028        0x0 binaries/freemem.o
 .bss           0x0000000000123028        0x0 binaries/getbuf.o
 .bss           0x0000000000123028        0x0 binaries/getc.o
 .bss           0x0000000000123028        0x0 binaries/getdev.o
 .bss           0x0000000000123028        0x0 binaries/getitem.o
 .bss           0x0000000000123028        0x0 binaries/getmem.o
 .bss           0x0000000000123028        0x0 binaries/getpid.o
 .bss           0x0000000000123028        0x0 binaries/getprio.o
 .bss           0x0000000000123028        0x0 binaries/getstk.o
 .bss           0x0000000000123028        0x0 binaries/getticks.o
 .bss           0x0000000000123028        0x0 binaries/gettime.o
 .bss           0x0000000000123028        0x0 binaries/getutime.o
 .bss           0x0000000000123028        0x0 binaries/i386.o
 .bss           0x0000000000123028        0x0 binaries/init.o
 .bss           0x0000000000123028        0x0 binaries/initialize.o
 .bss           0x0000000000123028        0x0 binaries/insert.o
 .bss           0x0000000000123028        0x0 binaries/insertd.o
 .bss           0x0000000000123028        0x0 binaries/ioerr.o
 .bss           0x0000000000123028        0x0 binaries/ionull.o
 .bss           0x0000000000123028        0x0 binaries/kill.o
 .bss           0x0000000000123028        0x0 binaries/kprintf.o
 .bss           0x0000000000123028        0x8 binaries/main.o
                0x0000000000123028                a_cnt
                0x000000000012302c                b_cnt
 .bss           0x0000000000123030        0x0 binaries/mark.o
 .bss           0x0000000000123030        0x0 binaries/meminit.o
 .bss           0x0000000000123030        0x0 binaries/mkbufpool.o
 .bss           0x0000000000123030        0x0 binaries/newqueue.o
 .bss           0x0000000000123030        0x0 binaries/open.o
 .bss           0x0000000000123030        0x0 binaries/panic.o
 .bss           0x0000000000123030        0xc binaries/pci.o
 .bss           0x000000000012303c        0x0 binaries/print_ready_list.o
 .bss           0x000000000012303c        0x0 binaries/ptclear.o
 .bss           0x000000000012303c        0x0 binaries/ptcount.o
 .bss           0x000000000012303c        0x0 binaries/ptcreate.o
 .bss           0x000000000012303c        0x0 binaries/ptdelete.o
 .bss           0x000000000012303c        0x0 binaries/ptinit.o
 .bss           0x000000000012303c        0x0 binaries/ptrecv.o