
Allocating common symbols
Common symbol       size              file

netbufpool          0x4               binaries/net.o
readylist           0x2               binaries/ready.o
rfltab              0x5a0             binaries/rflinit.o
netportseed         0x8               binaries/net.o
sleepq              0x2               binaries/clkinit.o
readylisy_usr3      0x2               binaries/ready.o
nnames              0x4               binaries/naminit.o
prC                 0x4               binaries/main.o
udptab              0x168             binaries/udp.o
minheap             0x4               binaries/meminit.o
marks               0x50              binaries/mark.o
currpid             0x4               binaries/initialize.o
Lf_data             0x20c             binaries/lfsinit.o
porttab             0x2d0             binaries/ptinit.o
girmask             0x2               binaries/evec.o
ttytab              0x110             binaries/ttyinit.o
proctab             0x2260            binaries/initialize.o
boost_cnt           0x4               binaries/clkinit.o
prcount             0x4               binaries/initialize.o
lfltab              0xf00             binaries/lflinit.o
prA                 0x4               binaries/main.o
rdstab              0x8c              binaries/rdsinit.o
ethertab            0x130             binaries/ethinit.o
NetData             0xb0              binaries/net.o
nmarks              0x4               binaries/mark.o
initsp              0x4               binaries/i386.o
Defer               0x8               binaries/resched.o
readylisy_usr2      0x2               binaries/ready.o
semtab              0x4b0             binaries/initialize.o
maxheap             0x4               binaries/meminit.o
preempt             0x4               binaries/clkinit.o
buftab              0xf0              binaries/bufinit.o
Rf_data             0x18              binaries/rfsinit.o
mkmutex             0x4               binaries/mark.o
readylisy_usr1      0x2               binaries/ready.o
clktime             0x4               binaries/clkinit.o
arpcache            0x140             binaries/arp.o
icmptab             0x230             binaries/icmp.o
nbpools             0x4               binaries/bufinit.o
queuetab            0x9b0             binaries/queue.o
ptnextid            0x4               binaries/ptinit.o
Ram                 0x19000           binaries/raminit.o
ipoqueue            0x2c              binaries/ip.o
prB                 0x4               binaries/main.o
memlist             0x8               binaries/initialize.o
nametab             0x19a0            binaries/naminit.o
ptfree              0x4               binaries/ptinit.o

Discarded input sections

 .group         0x0000000000000000        0x8 binaries/ascdate.o
 .group         0x0000000000000000        0x8 binaries/bufinit.o
 .group         0x0000000000000000        0x8 binaries/chprio.o
 .group         0x0000000000000000        0x8 binaries/clkhandler.o
 .text.__x86.get_pc_thunk.bx
                0x0000000000000000        0x4 binaries/clkhandler.o
 .group         0x0000000000000000        0x8 binaries/clkinit.o
 .text.__x86.get_pc_thunk.bx
                0x0000000000000000        0x4 binaries/clkinit.o
 .group         0x0000000000000000        0x8 binaries/close.o
 .text.__x86.get_pc_thunk.bx
                0x0000000000000000        0x4 binaries/close.o
 .group         0x0000000000000000        0x8 binaries/control.o
 .text.__x86.get_pc_thunk.bx
                0x0000000000000000        0x4 binaries/control.o
 .group         0x0000000000000000        0x8 binaries/create.o
 .group         0x0000000000000000        0x8 binaries/create.o
 .text.__x86.get_pc_thunk.cx
                0x0000000000000000        0x4 binaries/create.o
 .text.__x86.get_pc_thunk.bx
                0x0000000000000000        0x4 binaries/create.o
 .group         0x0000000000000000        0x8 binaries/create_user_process.o
 .group         0x0000000000000000        0x8 binaries/create_user_process.o
 .text.__x86.get_pc_thunk.ax
                0x0000000000000000        0x4 binaries/create_user_process.o
 .text.__x86.get_pc_thunk.bx
                0x0000000000000000        0x4 binaries/create_user_process.o
 .group         0x0000000000000000        0x8 binaries/evec.o
 .group         0x0000000000000000        0x8 binaries/evec.o
 .text.__x86.get_pc_thunk.ax
                0x0000000000000000        0x4 binaries/evec.o
 .text.__x86.get_pc_thunk.bx
                0x0000000000000000        0x4 binaries/evec.o
 .group         0x0000000000000000        0x8 binaries/exit.o
 .text.__x86.get_pc_thunk.bx
                0x0000000000000000        0x4 binaries/exit.o
 .group         0x0000000000000000        0x8 binaries/freebuf.o
 .text.__x86.get_pc_thunk.bx
                0x0000000000000000        0x4 binaries/freebuf.o
 .group         0x0000000000000000        0x8 binaries/freemem.o
 .text.__x86.get_pc_thunk.bx
[...]
Memory Configuration

Name             Origin             Length             Attributes
*default*        0x0000000000000000 0xffffffffffffffff

Linker script and memory map

                0x0000000000100000                physbase = 0x100000
                0x0000000000100000                . = physbase
                0x0000000000100000                . = ALIGN (0x1000)

.text           0x0000000000100000    0x1f000
                0x0000000000100000                text = ABSOLUTE (.)
 *(.text .text.*)
 .text          0x0000000000100000      0x165 binaries/start.o
                0x0000000000100020                entry
                0x000000000010003d                start
                0x00000000001000a5                inb
                0x00000000001000ad                inw
                0x00000000001000b6                inl
                0x00000000001000be                outb
                0x00000000001000c8                outw
                0x00000000001000d3                outl
                0x00000000001000dd                _rtcin
                0x00000000001000e8                ___udivsi3
                0x00000000001000f3                ___divsi3
                0x00000000001000ff                sbzero
                0x000000000010010f                bcopy
                0x0000000000100123                insw
                0x0000000000100139                outsw
                0x000000000010014f                lidt
                0x0000000000100157                jumptocode
                0x000000000010015e                jumptobootcode
 .text          0x0000000000100165      0x404 binaries/ascdate.o
                0x0000000000100165                ascdate
 .text.__x86.get_pc_thunk.cx
                0x0000000000100569        0x4 binaries/ascdate.o
                0x0000000000100569                __x86.get_pc_thunk.cx
 .text          0x000000000010056d       0x20 binaries/bufinit.o
                0x000000000010056d                bufinit
 .text.__x86.get_pc_thunk.ax
                0x000000000010058d        0x4 binaries/bufinit.o
                0x000000000010058d                __x86.get_pc_thunk.ax
 .text          0x0000000000100591       0xaa binaries/chprio.o
                0x0000000000100591                chprio
 .text.__x86.get_pc_thunk.bx
                0x000000000010063b        0x4 binaries/chprio.o
                0x000000000010063b                __x86.get_pc_thunk.bx
 .text          0x000000000010063f      0x422 binaries/clkhandler.o
                0x000000000010063f                clkhandler
 .text          0x0000000000100a61       0xa1 binaries/clkinit.o
                0x0000000000100a61                clkinit
 .text          0x0000000000100b02       0x86 binaries/close.o
                0x0000000000100b02                close
 .text          0x0000000000100b88        0x0 binaries/conf.o
 .text          0x0000000000100b88       0x8c binaries/control.o
                0x0000000000100b88                control
 .text          0x0000000000100c14      0x33b binaries/create.o
                0x0000000000100c14                create
                0x0000000000100ec5                newpid
 .text          0x0000000000100f4f      0x334 binaries/create_user_process.o
                0x0000000000100f4f                burst_execution
                0x0000000000100f5e                create_user_proc
 .text          0x0000000000101283      0x3d4 binaries/evec.o
                0x0000000000101283                initevec
                0x00000000001012ef                set_evec
                0x00000000001013af                trap
 .text          0x0000000000101657       0x29 binaries/exit.o
                0x0000000000101657                exit
 .text          0x0000000000101680       0xa1 binaries/freebuf.o
                0x0000000000101680                freebuf
 .text          0x0000000000101721      0x195 binaries/freemem.o
                0x0000000000101721                freemem
 .text          0x00000000001018b6       0x9f binaries/getbuf.o
                0x00000000001018b6                getbuf
 .text          0x0000000000101955       0x86 binaries/getc.o
                0x0000000000101955                getc
 .text          0x00000000001019db       0x86 binaries/getdev.o
                0x00000000001019db                getdev
 .text          0x0000000000101a61      0x111 binaries/getitem.o
                0x0000000000101a61                getfirst
                0x0000000000101ab7                getlast
                0x0000000000101b0f                getitem
 .text.__x86.get_pc_thunk.dx
                0x0000000000101b72        0x4 binaries/getitem.o
                0x0000000000101b72                __x86.get_pc_thunk.dx
 .text          0x0000000000101b76      0x132 binaries/getmem.o
                0x0000000000101b76                getmem
 .text          0x0000000000101ca8       0x17 binaries/getpid.o
                0x0000000000101ca8                getpid
 .text          0x0000000000101cbf       0x94 binaries/getprio.o
                0x0000000000101cbf                getprio
 .text          0x0000000000101d53      0x119 binaries/getstk.o
                0x0000000000101d53                getstk
 .text          0x0000000000101e6c       0x20 binaries/getticks.o
                0x0000000000101e6c                getticks
 .text          0x0000000000101e8c       0x4a binaries/gettime.o
                0x0000000000101e8c                gettime
 .text          0x0000000000101ed6      0x224 binaries/getutime.o
                0x0000000000101ed6                getutime
 .text          0x00000000001020fa      0x438 binaries/i386.o
                0x00000000001020fa                setsegs
                0x0000000000102236                init8259
                0x00000000001022f8                pseg
                0x00000000001024c0                setirmask
 .text          0x0000000000102532       0x86 binaries/init.o
                0x0000000000102532                init
 .text          0x00000000001025b8      0x47e binaries/initialize.o
                0x00000000001025b8                nulluser
                0x00000000001029c3                stop
                0x00000000001029fe                delay
 .text          0x0000000000102a36      0x109 binaries/insert.o
                0x0000000000102a36                insert
 .text          0x0000000000102b3f      0x142 binaries/insertd.o
                0x0000000000102b3f                insertd
 .text          0x0000000000102c81       0x14 binaries/ioerr.o
                0x0000000000102c81                ioerr
 .text          0x0000000000102c95       0x14 binaries/ionull.o
                0x0000000000102c95                ionull
 .text          0x0000000000102ca9      0x1d0 binaries/kill.o
                0x0000000000102ca9                kill
 .text          0x0000000000102e79      0x182 binaries/kprintf.o
                0x0000000000102e79                kputc
                0x0000000000102f1d                kgetc
                0x0000000000102fbf                kprintf
 .text          0x0000000000102ffb      0x2fe binaries/main.o
                0x0000000000102ffb                main
                0x0000000000103254                proc_a
                0x000000000010328b                proc_b
                0x00000000001032c2                proc_c
 .text          0x00000000001032f9       0xf0 binaries/mark.o
                0x00000000001032f9                markinit
                0x0000000000103334                mark
 .text          0x00000000001033e9       0xf5 binaries/meminit.o
                0x00000000001033e9                meminit
 .text          0x00000000001034de      0x194 binaries/mkbufpool.o
                0x00000000001034de                mkbufpool
 .text          0x0000000000103672       0xbb binaries/newqueue.o
                0x0000000000103672                newqueue
 .text          0x000000000010372d       0x8c binaries/open.o
                0x000000000010372d                open
 .text          0x00000000001037b9       0x2e binaries/panic.o
                0x00000000001037b9                panic
 .text          0x00000000001037e7      0x540 binaries/pci.o
                0x00000000001037e7                pci_init
                0x0000000000103b01                find_pci_device
                0x0000000000103b5c                pci_bios_read_config_byte
                0x0000000000103ba8                pci_bios_read_config_word
                0x0000000000103bf7                pci_bios_read_config_dword
                0x0000000000103c43                pci_bios_write_config_byte
                0x0000000000103c91                pci_bios_write_config_word
                0x0000000000103cdf                pci_bios_write_config_dword
 .text.__x86.get_pc_thunk.si
                0x0000000000103d27        0x4 binaries/pci.o
                0x0000000000103d27                __x86.get_pc_thunk.si
 .text          0x0000000000103d2b      0x275 binaries/print_ready_list.o
                0x0000000000103d2b                print_ready_list
 .text          0x0000000000103fa0      0x105 binaries/ptclear.o
                0x0000000000103fa0                _ptclear
 .text          0x00000000001040a5       0xaf binaries/ptcount.o
                0x00000000001040a5                ptcount
 .text          0x0000000000104154      0x138 binaries/ptcreate.o
                0x0000000000104154                ptcreate
 .text          0x000000000010428c       0x94 binaries/ptdelete.o
                0x000000000010428c                ptdelete
 .text          0x0000000000104320       0xe7 binaries/ptinit.o
                0x0000000000104320                ptinit
 .text          0x0000000000104407      0x135 binaries/ptrecv.o
                0x0000000000104407                ptrecv
 .text          0x000000000010453c       0x89 binaries/ptreset.o
                0x000000000010453c                ptreset
 .text          0x00000000001045c5      0x15a binaries/ptsend.o
                0x00000000001045c5                ptsend
 .text          0x000000000010471f       0x91 binaries/putc.o
                0x000000000010471f                putc
 .text          0x00000000001047b0      0x14b binaries/queue.o
                0x00000000001047b0                enqueue
                0x0000000000104876                dequeue
 .text          0x00000000001048fb       0x8c binaries/read.o
                0x00000000001048fb                read
 .text          0x0000000000104987      0x175 binaries/ready.o
                0x0000000000104987                ready
 .text          0x0000000000104afc       0x78 binaries/receive.o
                0x0000000000104afc                receive
 .text          0x0000000000104b74       0x74 binaries/recvclr.o
                0x0000000000104b74                recvclr
 .text          0x0000000000104be8       0xd9 binaries/recvtime.o
                0x0000000000104be8                recvtime
 .text          0x0000000000104cc1     0x1750 binaries/resched.o
                0x0000000000104cc1                resched
                0x0000000000106373                resched_cntl
 .text          0x0000000000106411       0xc7 binaries/resume.o
                0x0000000000106411                resume
 .text          0x00000000001064d8       0x8a binaries/seek.o
                0x00000000001064d8                seek
 .text          0x0000000000106562       0x87 binaries/semcount.o
                0x0000000000106562                semcount
 .text          0x00000000001065e9      0x100 binaries/semcreate.o
                0x00000000001065e9                semcreate
 .text          0x00000000001066e9       0xdf binaries/semdelete.o
                0x00000000001066e9                semdelete
 .text          0x00000000001067c8       0xe3 binaries/semreset.o
                0x00000000001067c8                semreset
 .text          0x00000000001068ab      0x103 binaries/send.o
                0x00000000001068ab                send
 .text          0x00000000001069ae       0xba binaries/signal.o
                0x00000000001069ae                signal
 .text          0x0000000000106a68       0xe8 binaries/signaln.o
                0x0000000000106a68                signaln
 .text          0x0000000000106b50      0x115 binaries/sleep.o
                0x0000000000106b50                sleep
                0x0000000000106ba8                sleepms
 .text          0x0000000000106c65      0x1bc binaries/stacktrace.o
                0x0000000000106c65                stacktrace
 .text          0x0000000000106e21       0xfd binaries/suspend.o
                0x0000000000106e21                suspend
 .text          0x0000000000106f1e      0x108 binaries/unsleep.o
                0x0000000000106f1e                unsleep
 .text          0x0000000000107026       0x29 binaries/userret.o
                0x0000000000107026                userret
 .text          0x000000000010704f       0xfc binaries/wait.o
                0x000000000010704f                wait
 .text          0x000000000010714b       0x98 binaries/wakeup.o
                0x000000000010714b                wakeup
 .text          0x00000000001071e3       0x8c binaries/write.o
                0x00000000001071e3                write
 .text          0x000000000010726f       0x2f binaries/xdone.o
                0x000000000010726f                xdone
 .text          0x000000000010729e       0x37 binaries/yield.o
                0x000000000010729e                yield
 .text          0x00000000001072d5       0x1b binaries/abs.o
                0x00000000001072d5                abs
 .text          0x00000000001072f0       0x99 binaries/atoi.o
                0x00000000001072f0                atoi
 .text          0x0000000000107389       0x99 binaries/atol.o
                0x0000000000107389                atol
 .text          0x0000000000107422       0x3c binaries/bzero.o
                0x0000000000107422                bzero
 .text          0x000000000010745e        0x0 binaries/ctype_.o
 .text          0x000000000010745e      0x94d binaries/doprnt.o
                0x000000000010745e                _doprnt
 .text          0x0000000000107dab      0x6cb binaries/doscan.o
                0x0000000000107dab                _doscan
 .text.__x86.get_pc_thunk.di
                0x0000000000108476        0x4 binaries/doscan.o
                0x0000000000108476                __x86.get_pc_thunk.di
 .text          0x000000000010847a      0x76a binaries/fdoprnt.o
                0x000000000010847a                _fdoprnt
 .text          0x0000000000108be4       0x39 binaries/fgetc.o
                0x0000000000108be4                fgetc
 .text          0x0000000000108c1d       0x84 binaries/fgets.o
                0x0000000000108c1d                fgets
 .text          0x0000000000108ca1       0x3c binaries/fprintf.o
                0x0000000000108ca1                fprintf
 .text          0x0000000000108cdd       0x3c binaries/fputc.o
                0x0000000000108cdd                fputc
 .text          0x0000000000108d19       0x52 binaries/fputs.o
                0x0000000000108d19                fputs
 .text          0x0000000000108d6b       0xb8 binaries/fscanf.o
                0x0000000000108d6b                fscanf
 .text          0x0000000000108e23       0x4a binaries/getchar.o
                0x0000000000108e23                getchar
 .text          0x0000000000108e6d       0x1b binaries/labs.o
                0x0000000000108e6d                labs
 .text          0x0000000000108e88        0x0 binaries/memchr.o
 .text          0x0000000000108e88       0x5b binaries/memcmp.o
                0x0000000000108e88                memcmp
 .text          0x0000000000108ee3       0x49 binaries/memcpy.o
                0x0000000000108ee3                memcpy
 .text          0x0000000000108f2c       0x3a binaries/memset.o
                0x0000000000108f2c                memset
 .text          0x0000000000108f66       0x62 binaries/printf.o
                0x0000000000108f66                printf
 .text          0x0000000000108fc8       0x4d binaries/putchar.o
                0x0000000000108fc8                putchar
 .text          0x0000000000109015      0x2b7 binaries/qsort.o
                0x0000000000109015                qsort
 .text          0x00000000001092cc       0x81 binaries/rand.o
                0x00000000001092cc                rand
                0x00000000001092f0                rand_r
                0x0000000000109334                srand
 .text          0x000000000010934d       0x82 binaries/sprintf.o
                0x000000000010934d                sprintf
 .text          0x00000000001093cf       0x98 binaries/sscanf.o
                0x00000000001093cf                sscanf
 .text          0x0000000000109467       0x46 binaries/strchr.o
                0x0000000000109467                strchr
 .text          0x00000000001094ad       0x4f binaries/strcmp.o
                0x00000000001094ad                strcmp
 .text          0x00000000001094fc       0x31 binaries/strcpy.o
                0x00000000001094fc                strcpy
 .text          0x000000000010952d       0x30 binaries/strlen.o
                0x000000000010952d                strlen
 .text          0x000000000010955d       0x60 binaries/strncat.o
                0x000000000010955d                strncat
 .text          0x00000000001095bd       0x68 binaries/strncmp.o
                0x00000000001095bd                strncmp
 .text          0x0000000000109625       0x59 binaries/strncpy.o
                0x0000000000109625                strncpy
 .text          0x000000000010967e       0x38 binaries/strnlen.o
                0x000000000010967e                strnlen
 .text          0x00000000001096b6       0x4f binaries/strrchr.o
                0x00000000001096b6                strrchr
 .text          0x0000000000109705       0x78 binaries/strstr.o
                0x0000000000109705                strstr
 .text          0x000000000010977d       0xfb binaries/ttycontrol.o
                0x000000000010977d                ttycontrol
 .text          0x0000000000109878       0xab binaries/ttygetc.o
                0x0000000000109878                ttygetc
 .text          0x0000000000109923      0x72b binaries/ttyhandle_in.o
                0x0000000000109923                ttyhandle_in
 .text          0x000000000010a04e      0x1c2 binaries/ttyhandle_out.o
                0x000000000010a04e                ttyhandle_out
 .text          0x000000000010a210       0xe7 binaries/ttyhandler.o
                0x000000000010a210                ttyhandler
 .text          0x000000000010a2f7      0x241 binaries/ttyinit.o
                0x000000000010a2f7                ttyinit
 .text          0x000000000010a538       0x2b binaries/ttykickout.o
                0x000000000010a538                ttykickout
 .text          0x000000000010a563       0xc9 binaries/ttyputc.o
                0x000000000010a563                ttyputc
 .text          0x000000000010a62c      0x12d binaries/ttyread.o
                0x000000000010a62c                ttyread
 .text          0x000000000010a759       0x5c binaries/ttywrite.o
                0x000000000010a759                ttywrite
 .text          0x000000000010a7b5      0x174 binaries/mount.o
                0x000000000010a7b5                mount
                0x000000000010a8e9                namlen
 .text          0x000000000010a929      0x220 binaries/naminit.o
                0x000000000010a929                naminit
 .text          0x000000000010ab49      0x243 binaries/nammap.o
                0x000000000010ab49                nammap
                0x000000000010abe6                namrepl
                0x000000000010ad32                namcpy
 .text          0x000000000010ad8c       0x5d binaries/namopen.o
                0x000000000010ad8c                namopen
 .text          0x000000000010ade9      0xf37 binaries/82545EMInit.o
                0x000000000010ae66                _82545EMInit
                0x000000000010bb76                _82545EM_read_phy_reg
                0x000000000010bc47                _82545EM_write_phy_reg
 .text          0x000000000010bd20      0x28a binaries/ethcontrol.o
                0x000000000010bd9d                ethcontrol
                0x000000000010bf27                ethIrqDisable
                0x000000000010bf67                ethIrqEnable
 .text          0x000000000010bfaa      0x29a binaries/ethhandler.o
                0x000000000010c14b                ethhandler
 .text          0x000000000010c244      0x13e binaries/ethinit.o
                0x000000000010c244                ethinit
 .text          0x000000000010c382      0x227 binaries/ethread.o
                0x000000000010c3ff                ethread
 .text          0x000000000010c5a9      0x1d0 binaries/ethwrite.o
                0x000000000010c626                ethwrite
 .text          0x000000000010c779       0xaf binaries/rdsbufalloc.o
                0x000000000010c779                rdsbufalloc
 .text          0x000000000010c828       0xcf binaries/rdsclose.o
                0x000000000010c828                rdsclose
 .text          0x000000000010c8f7      0x304 binaries/rdscomm.o
                0x000000000010c8f7                rdscomm
 .text          0x000000000010cbfb      0x242 binaries/rdscontrol.o
                0x000000000010cbfb                rdscontrol
 .text          0x000000000010ce3d      0x204 binaries/rdsinit.o
                0x000000000010ce3d                rdsinit
 .text          0x000000000010d041      0x1a4 binaries/rdsopen.o
                0x000000000010d041                rdsopen
 .text          0x000000000010d1e5      0x471 binaries/rdsprocess.o
                0x000000000010d1e5                rdsprocess
 .text          0x000000000010d656      0x262 binaries/rdsread.o
                0x000000000010d656                rdsread
 .text          0x000000000010d8b8      0x202 binaries/rdswrite.o
                0x000000000010d8b8                rdswrite
 .text          0x000000000010daba       0x14 binaries/ramclose.o
                0x000000000010daba                ramclose
 .text          0x000000000010dace       0x58 binaries/raminit.o
                0x000000000010dace                raminit
 .text          0x000000000010db26       0x14 binaries/ramopen.o
                0x000000000010db26                ramopen
 .text          0x000000000010db3a       0x47 binaries/ramread.o
                0x000000000010db3a                ramread
 .text          0x000000000010db81       0x47 binaries/ramwrite.o
                0x000000000010db81                ramwrite
 .text          0x000000000010dbc8       0xc4 binaries/lfdballoc.o
                0x000000000010dbc8                lfdballoc
 .text          0x000000000010dc8c       0x6c binaries/lfdbfree.o
                0x000000000010dc8c                lfdbfree
 .text          0x000000000010dcf8       0xe0 binaries/lfflush.o
                0x000000000010dcf8                lfflush
 .text          0x000000000010ddd8       0xe2 binaries/lfgetmode.o
                0x000000000010ddd8                lfgetmode
 .text          0x000000000010deba       0x92 binaries/lfiballoc.o
                0x000000000010deba                lfiballoc
 .text          0x000000000010df4c       0x45 binaries/lfibclear.o
                0x000000000010df4c                lfibclear
 .text          0x000000000010df91       0xbc binaries/lfibget.o
                0x000000000010df91                lfibget
 .text          0x000000000010e04d       0xeb binaries/lfibput.o
                0x000000000010e04d                lfibput
 .text          0x000000000010e138       0xbb binaries/lflclose.o
                0x000000000010e138                lflclose
 .text          0x000000000010e1f3       0xef binaries/lflcontrol.o
                0x000000000010e1f3                lflcontrol
 .text          0x000000000010e2e2      0x104 binaries/lflgetc.o
                0x000000000010e2e2                lflgetc
 .text          0x000000000010e3e6      0x102 binaries/lflinit.o
                0x000000000010e3e6                lflinit
 .text          0x000000000010e4e8      0x13a binaries/lflputc.o
                0x000000000010e4e8                lflputc
 .text          0x000000000010e622       0x7f binaries/lflread.o
                0x000000000010e622                lflread
 .text          0x000000000010e6a1       0xbe binaries/lflseek.o
                0x000000000010e6a1                lflseek
 .text          0x000000000010e75f       0x64 binaries/lflwrite.o
                0x000000000010e75f                lflwrite
 .text          0x000000000010e7c3       0x6c binaries/lfscheck.o
                0x000000000010e7c3                lfscheck
 .text          0x000000000010e82f      0x194 binaries/lfsckfmt.o
                0x000000000010e82f                lfsckfmt
 .text          0x000000000010e9c3      0x1be binaries/lfscreate.o
                0x000000000010e9c3                lfscreate
 .text          0x000000000010eb81      0x2a3 binaries/lfsetup.o
                0x000000000010eb81                lfsetup
 .text          0x000000000010ee24       0x81 binaries/lfsinit.o
                0x000000000010ee24                lfsinit
 .text          0x000000000010eea5      0x411 binaries/lfsopen.o
                0x000000000010eea5                lfsopen
 .text          0x000000000010f2b6      0x18a binaries/lftruncate.o
                0x000000000010f2b6                lftruncate
 .text          0x000000000010f440       0x8f binaries/rflclose.o
                0x000000000010f440                rflclose
 .text          0x000000000010f4cf       0x42 binaries/rflgetc.o
                0x000000000010f4cf                rflgetc
 .text          0x000000000010f511       0x86 binaries/rflinit.o
                0x000000000010f511                rflinit
 .text          0x000000000010f597       0x43 binaries/rflputc.o
                0x000000000010f597                rflputc
 .text          0x000000000010f5da      0x396 binaries/rflread.o
                0x000000000010f5da                rflread
 .text          0x000000000010f970       0x92 binaries/rflseek.o
                0x000000000010f970                rflseek
 .text          0x000000000010fa02      0x381 binaries/rflwrite.o
                0x000000000010fa02                rflwrite
 .text          0x000000000010fd83      0x21d binaries/rfscomm.o
                0x000000000010fd83                rfscomm
 .text          0x000000000010ffa0      0x2ae binaries/rfscontrol.o
                0x000000000010ffa0                rfscontrol
 .text          0x000000000011024e       0xe2 binaries/rfsgetmode.o
                0x000000000011024e                rfsgetmode
 .text          0x0000000000110330       0xb5 binaries/rfsinit.o
                0x0000000000110330                rfsinit
 .text          0x00000000001103e5      0x122 binaries/rfsndmsg.o
                0x00000000001103e5                rfsndmsg
 .text          0x0000000000110507      0x2e3 binaries/rfsopen.o
                0x0000000000110507                rfsopen
 .text          0x00000000001107ea      0x8e6 binaries/arp.o
                0x00000000001107ea                arp_init
                0x0000000000110830                arp_resolve
                0x0000000000110b1e                arp_in
                0x0000000000110e00                arp_alloc
                0x0000000000110ee2                arp_ntoh
                0x0000000000110fd9                arp_hton
 .text          0x00000000001110d0      0x97b binaries/dhcp.o
                0x00000000001110d0                dhcp_get_opt_val
                0x0000000000111133                dhcp_bld_bootp_msg
                0x000000000011125a                dhcp_bld_disc
                0x000000000011134d                dhcp_bld_req
                0x00000000001114d0                getlocalip
 .text          0x0000000000111a4b      0x5f4 binaries/dns.o
                0x0000000000111a4b                dnslookup
 .text          0x000000000011203f       0xf4 binaries/dot2ip.o
                0x000000000011203f                dot2ip
 .text          0x0000000000112133      0x528 binaries/hexdump.o
                0x0000000000112133                hexdump
                0x0000000000112301                hexadump
 .text          0x000000000011265b      0x940 binaries/icmp.o
                0x000000000011265b                icmp_init
                0x00000000001126a1                icmp_in
                0x0000000000112882                icmp_register
                0x000000000011298c                icmp_recv
                0x0000000000112b2a                icmp_send
                0x0000000000112bbf                icmp_mkpkt
                0x0000000000112cf3                icmp_release
                0x0000000000112e00                icmp_cksum
                0x0000000000112e9d                icmp_hton
                0x0000000000112f1c                icmp_ntoh
 .text          0x0000000000112f9b      0x96c binaries/ip.o
                0x0000000000112f9b                ip_in
                0x0000000000113140                ip_send
                0x00000000001132c2                ip_local
                0x0000000000113323                ip_out
                0x000000000011346b                ipcksum
                0x00000000001134fb                ip_ntoh
                0x00000000001135f2                ip_hton
                0x00000000001136e9                ipout
                0x0000000000113840                ip_enqueue
 .text          0x0000000000113907      0x337 binaries/net.o
                0x0000000000113907                net_init
                0x0000000000113a67                netin
                0x0000000000113b35                eth_hton
                0x0000000000113b6a                eth_ntoh
                0x0000000000113b9f                getport
 .text          0x0000000000113c3e     0x15bc binaries/pdump.o
                0x0000000000113c3e                pdump
                0x0000000000114a96                pdumph
 .text          0x00000000001151fa      0x65e binaries/tftp.o
                0x00000000001151fa                tftp_send1
                0x000000000011538d                tftpget
                0x00000000001153c9                tftpget_mb
 .text          0x0000000000115858      0xc36 binaries/udp.o
                0x0000000000115858                udp_init
                0x000000000011589e                udp_in
                0x00000000001159f1                udp_register
                0x0000000000115b40                udp_recv
                0x0000000000115cef                udp_recvaddr
                0x0000000000115eb6                udp_send
                0x00000000001160b9                udp_sendto
                0x0000000000116284                udp_release
                0x0000000000116390                udp_ntoh
                0x000000000011640f                udp_hton
 .text          0x000000000011648e      0x151 binaries/addargs.o
                0x000000000011648e                addargs
 .text          0x00000000001165df      0x2d1 binaries/lexan.o
                0x00000000001165df                lexan
 .text          0x00000000001168b0      0x6e5 binaries/shell.o
                0x00000000001168b0                shell
 .text          0x0000000000116f95       0x7e binaries/xsh_argecho.o
                0x0000000000116f95                xsh_argecho
 .text          0x0000000000117013      0x2cc binaries/xsh_arp.o
                0x0000000000117013                xsh_arp
 .text          0x00000000001172df      0x2c6 binaries/xsh_cat.o
                0x00000000001172df                xsh_cat
 .text          0x00000000001175a5       0x7d binaries/xsh_clear.o
                0x00000000001175a5                xsh_clear
 .text          0x0000000000117622      0x36f binaries/xsh_date.o
                0x0000000000117622                xsh_date
 .text          0x0000000000117991       0xcf binaries/xsh_devdump.o
                0x0000000000117991                xsh_devdump
 .text          0x0000000000117a60       0x87 binaries/xsh_echo.o
                0x0000000000117a60                xsh_echo
 .text          0x0000000000117ae7       0x14 binaries/xsh_exit.o
                0x0000000000117ae7                xsh_exit
 .text          0x0000000000117afb      0x3f5 binaries/xsh_help.o
                0x0000000000117afb                xsh_help
 .text          0x0000000000117ef0      0x2a3 binaries/xsh_kill.o
                0x0000000000117ef0                xsh_kill
 .text          0x0000000000118193      0x5cd binaries/xsh_memdump.o
                0x0000000000118193                xsh_memdump
 .text          0x0000000000118760      0x32a binaries/xsh_memstat.o
                0x0000000000118760                xsh_memstat
 .text          0x0000000000118a8a      0x5ed binaries/xsh_netinfo.o
                0x0000000000118a8a                xsh_netinfo
 .text          0x0000000000119077      0x512 binaries/xsh_ping.o
                0x0000000000119077                xsh_ping
 .text          0x0000000000119589      0x297 binaries/xsh_print_ready_list.o
                0x0000000000119589                xsh_print_ready_list
 .text          0x0000000000119820      0x28c binaries/xsh_ps.o
                0x0000000000119820                xsh_ps
 .text          0x0000000000119aac      0x281 binaries/xsh_sleep.o
                0x0000000000119aac                xsh_sleep
 .text          0x0000000000119d2d      0x2e4 binaries/xsh_udpdump.o
                0x0000000000119d2d                xsh_udpdump
 .text          0x000000000011a011      0x55e binaries/xsh_udpecho.o
                0x000000000011a011                xsh_udpecho
 .text          0x000000000011a56f      0x317 binaries/xsh_udpserver.o
                0x000000000011a56f                xsh_udpeserver
 .text          0x000000000011a886      0x23c binaries/xsh_uptime.o
                0x000000000011a886                xsh_uptime
 .text          0x000000000011aac2        0xe binaries/clkdisp.o
                0x000000000011aac2                clkdisp
 .text          0x000000000011aad0       0x19 binaries/ctxsw.o
                0x000000000011aad0                ctxsw
 .text          0x000000000011aae9      0x368 binaries/intr.o
                0x000000000011aae9                disable
                0x000000000011aaf2                restore
                0x000000000011ab00                enable
                0x000000000011ab02                pause
                0x000000000011ab09                halt
                0x000000000011ab0c                spurious_irq7
                0x000000000011ab11                spurious_irq15
                0x000000000011ab20                _Xint0
                0x000000000011ab2b                _Xint1
                0x000000000011ab36                _Xint2
                0x000000000011ab41                _Xint3
                0x000000000011ab4c                _Xint4
                0x000000000011ab57                _Xint5
                0x000000000011ab62                _Xint6
                0x000000000011ab6d                _Xint7
                0x000000000011ab78                _Xint8
                0x000000000011ab83                _Xint9
                0x000000000011ab8e                _Xint10
                0x000000000011ab99                _Xint11
                0x000000000011aba7                _Xint12
                0x000000000011abb5                _Xint13
                0x000000000011abc3                _Xint14
                0x000000000011abd1                _Xint15
                0x000000000011abdf                _Xint16
                0x000000000011abed                _Xint17
                0x000000000011abfb                _Xint18
                0x000000000011ac09                _Xint19
                0x000000000011ac17                _Xint20
                0x000000000011ac25                _Xint21
                0x000000000011ac33                _Xint22
                0x000000000011ac41                _Xint23
                0x000000000011ac4f                _Xint24
                0x000000000011ac5d                _Xint25
                0x000000000011ac6b                _Xint26
                0x000000000011ac79                _Xint27
                0x000000000011ac87                _Xint28
                0x000000000011ac95                _Xint29
                0x000000000011aca3                _Xint30
                0x000000000011acb1                _Xint31
                0x000000000011acbf                _Xint32
                0x000000000011accd                _Xint33
                0x000000000011acdb                _Xint34
                0x000000000011ace9                _Xint35
                0x000000000011acf7                _Xint36
                0x000000000011ad05                _Xint37
                0x000000000011ad13                _Xint38
                0x000000000011ad21                _Xint39
                0x000000000011ad2f                _Xint40
                0x000000000011ad3d                _Xint41
                0x000000000011ad4b                _Xint42
                0x000000000011ad59                _Xint43
                0x000000000011ad67                _Xint44
                0x000000000011ad75                _Xint45
                0x000000000011ad83                _Xint46
                0x000000000011ad91                defevec
 .text          0x000000000011ae51        0xf binaries/ttydispatch.o
                0x000000000011ae51                ttydispatch
 .text          0x000000000011ae60       0x13 binaries/ethdispatch.o
                0x000000000011ae60                ethdispatch
 *(.rodata .rodata.*)
 *fill*         0x000000000011ae73        0x1 
 .rodata        0x000000000011ae74       0x8e binaries/ascdate.o
 .rodata        0x000000000011af02       0xae binaries/conf.o
 .rodata        0x000000000011afb0       0x16 binaries/create_user_process.o
 *fill*         0x000000000011afc6        0x2 
 .rodata        0x000000000011afc8      0x22f binaries/evec.o
 *fill*         0x000000000011b1f7        0x1 
 .rodata        0x000000000011b1f8       0x61 binaries/getutime.o
 *fill*         0x000000000011b259        0x3 
 .rodata        0x000000000011b25c       0x90 binaries/i386.o
 .rodata        0x000000000011b2ec      0x183 binaries/initialize.o
 *fill*         0x000000000011b46f        0x1 
 .rodata        0x000000000011b470       0x20 binaries/kill.o
 .rodata        0x000000000011b490       0x80 binaries/main.o
 .rodata        0x000000000011b510        0xf binaries/panic.o
 *fill*         0x000000000011b51f        0x1 
 .rodata        0x000000000011b520      0x1ec binaries/pci.o
 .rodata        0x000000000011b70c       0x79 binaries/print_ready_list.o
 .rodata        0x000000000011b785       0x1d binaries/ptinit.o
 *fill*         0x000000000011b7a2        0x2 
 .rodata        0x000000000011b7a4       0x25 binaries/ptsend.o
 *fill*         0x000000000011b7c9        0x3 
 .rodata        0x000000000011b7cc       0xb7 binaries/stacktrace.o
 *fill*         0x000000000011b883        0x1 
 .rodata        0x000000000011b884       0x27 binaries/xdone.o
 *fill*         0x000000000011b8ab       0x15 
 .rodata        0x000000000011b8c0       0x81 binaries/ctype_.o
                0x000000000011b8c0                _ctype_
 *fill*         0x000000000011b941        0x3 
 .rodata        0x000000000011b944       0xee binaries/doprnt.o
 *fill*         0x000000000011ba32        0x2 
 .rodata        0x000000000011ba34       0x98 binaries/doscan.o
 .rodata        0x000000000011bacc       0xae binaries/fdoprnt.o
 *fill*         0x000000000011bb7a        0x2 
 .rodata        0x000000000011bb7c       0x20 binaries/ttycontrol.o
 .rodata        0x000000000011bb9c       0x34 binaries/ttyhandler.o
 .rodata        0x000000000011bbd0       0x80 binaries/naminit.o
 .rodata        0x000000000011bc50       0x2e binaries/82545EMInit.o
 *fill*         0x000000000011bc7e        0x2 
 .rodata        0x000000000011bc80       0x78 binaries/ethinit.o
 .rodata        0x000000000011bcf8       0x18 binaries/ethread.o
 .rodata        0x000000000011bd10       0x2c binaries/rdsbufalloc.o
 .rodata        0x000000000011bd3c       0x76 binaries/rdscomm.o
 *fill*         0x000000000011bdb2        0x2 
 .rodata        0x000000000011bdb4       0x48 binaries/rdscontrol.o
 .rodata        0x000000000011bdfc       0x96 binaries/rdsinit.o
 *fill*         0x000000000011be92        0x2 
 .rodata        0x000000000011be94       0x22 binaries/rdsopen.o
 *fill*         0x000000000011beb6        0x2 
 .rodata        0x000000000011beb8       0x4d binaries/rdsprocess.o
 .rodata        0x000000000011bf05        0x9 binaries/raminit.o
 *fill*         0x000000000011bf0e        0x2 
 .rodata        0x000000000011bf10       0x37 binaries/lfdballoc.o
 .rodata        0x000000000011bf47       0x14 binaries/lfiballoc.o
 *fill*         0x000000000011bf5b        0x1 
 .rodata        0x000000000011bf5c       0x23 binaries/lflcontrol.o
 *fill*         0x000000000011bf7f        0x1 
 .rodata        0x000000000011bf80      0x11b binaries/lfsckfmt.o
 *fill*         0x000000000011c09b        0x1 
 .rodata        0x000000000011c09c       0x2a binaries/lfsopen.o
 *fill*         0x000000000011c0c6        0x2 
 .rodata        0x000000000011c0c8       0x21 binaries/rflread.o
 *fill*         0x000000000011c0e9        0x3 
 .rodata        0x000000000011c0ec       0x21 binaries/rflwrite.o
 *fill*         0x000000000011c10d        0x3 
 .rodata        0x000000000011c110       0x75 binaries/rfscomm.o
 *fill*         0x000000000011c185        0x3 
 .rodata        0x000000000011c188       0x3c binaries/rfscontrol.o
 .rodata        0x000000000011c1c4       0x63 binaries/rfsinit.o
 *fill*         0x000000000011c227        0x1 
 .rodata        0x000000000011c228       0x2a binaries/rfsndmsg.o
 *fill*         0x000000000011c252        0x2 
 .rodata        0x000000000011c254       0x22 binaries/rfsopen.o
 *fill*         0x000000000011c276        0x2 
 .rodata        0x000000000011c278       0x3a binaries/arp.o
 *fill*         0x000000000011c2b2        0x2 
 .rodata        0x000000000011c2b4       0xcf binaries/dhcp.o
 .rodata        0x000000000011c383       0x1a binaries/dns.o
 *fill*         0x000000000011c39d        0x3 
 .rodata        0x000000000011c3a0       0xc9 binaries/hexdump.o
 *fill*         0x000000000011c469        0x3 
 .rodata        0x000000000011c46c       0x29 binaries/icmp.o
 *fill*         0x000000000011c495        0x3 
 .rodata        0x000000000011c498       0x6e binaries/ip.o
 *fill*         0x000000000011c506        0x2 
 .rodata        0x000000000011c508       0x4f binaries/net.o
 *fill*         0x000000000011c557        0x1 
 .rodata        0x000000000011c558      0x26f binaries/pdump.o
 *fill*         0x000000000011c7c7        0x1 
 .rodata        0x000000000011c7c8      0x154 binaries/tftp.o
 .rodata        0x000000000011c91c      0x2c1 binaries/shell.o
 .rodata        0x000000000011cbdd       0x28 binaries/xsh_argecho.o
 *fill*         0x000000000011cc05        0x3 
 .rodata        0x000000000011cc08      0x123 binaries/xsh_arp.o
 *fill*         0x000000000011cd2b        0x1 
 .rodata        0x000000000011cd2c       0xc9 binaries/xsh_cat.o
 .rodata        0x000000000011cdf5       0x19 binaries/xsh_clear.o
 *fill*         0x000000000011ce0e        0x2 
 .rodata        0x000000000011ce10      0x1c3 binaries/xsh_date.o
 .rodata        0x000000000011cfd3       0x5d binaries/xsh_devdump.o
 .rodata        0x000000000011d030        0x9 binaries/xsh_echo.o
 *fill*         0x000000000011d039        0x3 
 .rodata        0x000000000011d03c      0x169 binaries/xsh_help.o
 *fill*         0x000000000011d1a5        0x3 
 .rodata        0x000000000011d1a8      0x12e binaries/xsh_kill.o
 *fill*         0x000000000011d2d6        0x2 
 .rodata        0x000000000011d2d8      0x266 binaries/xsh_memdump.o
 *fill*         0x000000000011d53e        0x2 
 .rodata        0x000000000011d540      0x225 binaries/xsh_memstat.o
 *fill*         0x000000000011d765        0x3 
 .rodata        0x000000000011d768      0x1b0 binaries/xsh_netinfo.o
 .rodata        0x000000000011d918      0x1a1 binaries/xsh_ping.o
 *fill*         0x000000000011dab9        0x3 
 .rodata        0x000000000011dabc      0x1a8 binaries/xsh_print_ready_list.o
 .rodata        0x000000000011dc64      0x1a8 binaries/xsh_ps.o
 .rodata        0x000000000011de0c       0xeb binaries/xsh_sleep.o
 *fill*         0x000000000011def7        0x1 
 .rodata        0x000000000011def8      0x1b8 binaries/xsh_udpdump.o
 .rodata        0x000000000011e0b0      0x215 binaries/xsh_udpecho.o
 *fill*         0x000000000011e2c5        0x3 
 .rodata        0x000000000011e2c8      0x12b binaries/xsh_udpserver.o
 *fill*         0x000000000011e3f3        0x1 
 .rodata        0x000000000011e3f4      0x105 binaries/xsh_uptime.o
                0x000000000011e4f9                etext = ABSOLUTE (.)
                0x000000000011f000                . = ALIGN (0x1000)
 *fill*         0x000000000011e4f9      0xb07 

.eh_frame       0x000000000011f000     0x31cc
 .eh_frame      0x000000000011f000       0x50 binaries/ascdate.o
 .eh_frame      0x000000000011f050       0x34 binaries/bufinit.o
                                         0x4c (size before relaxing)
 .eh_frame      0x000000000011f084       0x38 binaries/chprio.o
                                         0x50 (size before relaxing)
 .eh_frame      0x000000000011f0bc       0x2c binaries/clkhandler.o
                                         0x58 (size before relaxing)
 .eh_frame      0x000000000011f0e8       0x24 binaries/clkinit.o
                                         0x50 (size before relaxing)
 .eh_frame      0x000000000011f10c       0x24 binaries/close.o
                                         0x50 (size before relaxing)
 .eh_frame      0x000000000011f130       0x24 binaries/control.o
                                         0x50 (size before relaxing)
 .eh_frame      0x000000000011f154       0x48 binaries/create.o
                                         0x88 (size before relaxing)
 .eh_frame      0x000000000011f19c       0x48 binaries/create_user_process.o
                                         0x88 (size before relaxing)
 .eh_frame      0x000000000011f1e4       0x6c binaries/evec.o
                                         0xac (size before relaxing)
 .eh_frame      0x000000000011f250       0x24 binaries/exit.o
                                         0x50 (size before relaxing)
 .eh_frame      0x000000000011f274       0x24 binaries/freebuf.o
                                         0x50 (size before relaxing)
 .eh_frame      0x000000000011f298       0x24 binaries/freemem.o
                                         0x50 (size before relaxing)
 .eh_frame      0x000000000011f2bc       0x24 binaries/getbuf.o
                                         0x50 (size before relaxing)
 .eh_frame      0x000000000011f2e0       0x24 binaries/getc.o
                                         0x50 (size before relaxing)
 .eh_frame      0x000000000011f304       0x24 binaries/getdev.o
                                         0x50 (size before relaxing)
 .eh_frame      0x000000000011f328       0x78 binaries/getitem.o
                                         0xa4 (size before relaxing)
 .eh_frame      0x000000000011f3a0       0x24 binaries/getmem.o
                                         0x50 (size before relaxing)
 .eh_frame      0x000000000011f3c4       0x20 binaries/getpid.o
                                         0x4c (size before relaxing)
 .eh_frame      0x000000000011f3e4       0x24 binaries/getprio.o
                                         0x50 (size before relaxing)
 .eh_frame      0x000000000011f408       0x24 binaries/getstk.o
                                         0x50 (size before relaxing)
 .eh_frame      0x000000000011f42c       0x20 binaries/getticks.o
                                         0x4c (size before relaxing)
 .eh_frame      0x000000000011f44c       0x24 binaries/gettime.o
                                         0x50 (size before relaxing)
 .eh_frame      0x000000000011f470       0x24 binaries/getutime.o
                                         0x50 (size before relaxing)
 .eh_frame      0x000000000011f494       0x9c binaries/i386.o
                                         0xc8 (size before relaxing)
 .eh_frame      0x000000000011f530       0x24 binaries/init.o
                                         0x50 (size before relaxing)
 .eh_frame      0x000000000011f554       0xa8 binaries/initialize.o
                                         0xe8 (size before relaxing)
 .eh_frame      0x000000000011f5fc       0x28 binaries/insert.o
                                         0x54 (size before relaxing)
 .eh_frame      0x000000000011f624       0x28 binaries/insertd.o
                                         0x54 (size before relaxing)
 .eh_frame      0x000000000011f64c       0x20 binaries/ioerr.o
                                         0x4c (size before relaxing)
 .eh_frame      0x000000000011f66c       0x20 binaries/ionull.o
                                         0x4c (size before relaxing)
 .eh_frame      0x000000000011f68c       0x2c binaries/kill.o
                                         0x58 (size before relaxing)
 .eh_frame      0x000000000011f6b8       0x6c binaries/kprintf.o
                                         0xac (size before relaxing)
 .eh_frame      0x000000000011f724       0x8c binaries/main.o
                                         0xcc (size before relaxing)
 .eh_frame      0x000000000011f7b0       0x48 binaries/mark.o
                                         0x74 (size before relaxing)
 .eh_frame      0x000000000011f7f8       0x20 binaries/meminit.o
                                         0x4c (size before relaxing)
 .eh_frame      0x000000000011f818       0x24 binaries/mkbufpool.o
                                         0x50 (size before relaxing)
 .eh_frame      0x000000000011f83c       0x24 binaries/newqueue.o
                                         0x50 (size before relaxing)
 .eh_frame      0x000000000011f860       0x24 binaries/open.o
                                         0x50 (size before relaxing)
 .eh_frame      0x000000000011f884       0x1c binaries/panic.o
                                         0x48 (size before relaxing)
 .eh_frame      0x000000000011f8a0      0x1ec binaries/pci.o
                                        0x240 (size before relaxing)
 .eh_frame      0x000000000011fa8c       0x30 binaries/print_ready_list.o
                                         0x5c (size before relaxing)
 .eh_frame      0x000000000011fabc       0x24 binaries/ptclear.o
                                         0x50 (size before relaxing)
 .eh_frame      0x000000000011fae0       0x24 binaries/ptcount.o
                                         0x50 (size before relaxing)
 .eh_frame      0x000000000011fb04       0x24 binaries/ptcreate.o
                                         0x50 (size before relaxing)
 .eh_frame      0x000000000011fb28       0x24 binaries/ptdelete.o
                                         0x50 (size before relaxing)
 .eh_frame      0x000000000011fb4c       0x24 binaries/ptinit.o
                                         0x50 (size before relaxing)
 .eh_frame      0x000000000011fb70       0x24 binaries/ptrecv.o
                                         0x50 (size before relaxing)
 .eh_frame      0x000000000011fb94       0x24 binaries/ptreset.o
                                         0x50 (size before relaxing)
 .eh_frame      0x000000000011fbb8       0x24 binaries/ptsend.o
                                         0x50 (size before relaxing)
 .eh_frame      0x000000000011fbdc       0x24 binaries/putc.o
                                         0x50 (size before relaxing)
 .eh_frame      0x000000000011fc00       0x48 binaries/queue.o
                                         0x88 (size before relaxing)
 .eh_frame      0x000000000011fc48       0x24 binaries/read.o
                                         0x50 (size before relaxing)
 .eh_frame      0x000000000011fc6c       0x2c binaries/ready.o
                                         0x58 (size before relaxing)
 .eh_frame      0x000000000011fc98       0x24 binaries/receive.o
                                         0x50 (size before relaxing)
 .eh_frame      0x000000000011fcbc       0x24 binaries/recvclr.o
                                         0x50 (size before relaxing)
 .eh_frame      0x000000000011fce0       0x24 binaries/recvtime.o
                                         0x50 (size before relaxing)
 .eh_frame      0x000000000011fd04       0x48 binaries/resched.o
                                         0x88 (size before relaxing)
 .eh_frame      0x000000000011fd4c       0x24 binaries/resume.o
                                         0x50 (size before relaxing)
 .eh_frame      0x000000000011fd70       0x24 binaries/seek.o
                                         0x50 (size before relaxing)
 .eh_frame      0x000000000011fd94       0x24 binaries/semcount.o
                                         0x50 (size before relaxing)
 .eh_frame      0x000000000011fdb8       0x48 binaries/semcreate.o
                                         0x88 (size before relaxing)
 .eh_frame      0x000000000011fe00       0x24 binaries/semdelete.o
                                         0x50 (size before relaxing)
 .eh_frame      0x000000000011fe24       0x24 binaries/semreset.o
                                         0x50 (size before relaxing)
 .eh_frame      0x000000000011fe48       0x24 binaries/send.o
                                         0x50 (size before relaxing)
 .eh_frame      0x000000000011fe6c       0x24 binaries/signal.o
                                         0x50 (size before relaxing)
 .eh_frame      0x000000000011fe90       0x24 binaries/signaln.o
                                         0x50 (size before relaxing)
 .eh_frame      0x000000000011feb4       0x44 binaries/sleep.o
                                         0x84 (size before relaxing)
 .eh_frame      0x000000000011fef8       0x24 binaries/stacktrace.o
                                         0x50 (size before relaxing)
 .eh_frame      0x000000000011ff1c       0x24 binaries/suspend.o
                                         0x50 (size before relaxing)
 .eh_frame      0x000000000011ff40       0x24 binaries/unsleep.o
                                         0x50 (size before relaxing)
 .eh_frame      0x000000000011ff64       0x24 binaries/userret.o
                                         0x50 (size before relaxing)
 .eh_frame      0x000000000011ff88       0x24 binaries/wait.o
                                         0x50 (size before relaxing)
 .eh_frame      0x000000000011ffac       0x24 binaries/wakeup.o
                                         0x50 (size before relaxing)
 .eh_frame      0x000000000011ffd0       0x24 binaries/write.o
                                         0x50 (size before relaxing)
 .eh_frame      0x000000000011fff4       0x24 binaries/xdone.o
                                         0x50 (size before relaxing)
 .eh_frame      0x0000000000120018       0x24 binaries/yield.o
                                         0x50 (size before relaxing)
 .eh_frame      0x000000000012003c       0x20 binaries/abs.o
                                         0x4c (size before relaxing)
 .eh_frame      0x000000000012005c       0x20 binaries/atoi.o
                                         0x4c (size before relaxing)
 .eh_frame      0x000000000012007c       0x20 binaries/atol.o
                                         0x4c (size before relaxing)
 .eh_frame      0x000000000012009c       0x20 binaries/bzero.o
                                         0x4c (size before relaxing)
 .eh_frame      0x00000000001200bc       0xec binaries/doprnt.o
                                        0x140 (size before relaxing)
 .eh_frame      0x00000000001201a8       0xc8 binaries/doscan.o
                                         0xf4 (size before relaxing)
 .eh_frame      0x0000000000120270       0xcc binaries/fdoprnt.o
                                        0x10c (size before relaxing)
 .eh_frame      0x000000000012033c       0x24 binaries/fgetc.o
                                         0x50 (size before relaxing)
 .eh_frame      0x0000000000120360       0x24 binaries/fgets.o
                                         0x50 (size before relaxing)
 .eh_frame      0x0000000000120384       0x24 binaries/fprintf.o
                                         0x50 (size before relaxing)
 .eh_frame      0x00000000001203a8       0x24 binaries/fputc.o
                                         0x50 (size before relaxing)
 .eh_frame      0x00000000001203cc       0x24 binaries/fputs.o
                                         0x50 (size before relaxing)
 .eh_frame      0x00000000001203f0       0x68 binaries/fscanf.o
                                         0x94 (size before relaxing)
 .eh_frame      0x0000000000120458       0x24 binaries/getchar.o
                                         0x50 (size before relaxing)
 .eh_frame      0x000000000012047c       0x20 binaries/labs.o
                                         0x4c (size before relaxing)
 .eh_frame      0x000000000012049c       0x20 binaries/memcmp.o
                                         0x4c (size before relaxing)
 .eh_frame      0x00000000001204bc       0x24 binaries/memcpy.o
                                         0x50 (size before relaxing)
 .eh_frame      0x00000000001204e0       0x24 binaries/memset.o
                                         0x50 (size before relaxing)
 .eh_frame      0x0000000000120504       0x24 binaries/printf.o
                                         0x50 (size before relaxing)
 .eh_frame      0x0000000000120528       0x24 binaries/putchar.o
                                         0x50 (size before relaxing)
 .eh_frame      0x000000000012054c       0xa4 binaries/qsort.o
                                         0xd0 (size before relaxing)
 .eh_frame      0x00000000001205f0       0x60 binaries/rand.o
                                         0x8c (size before relaxing)
 .eh_frame      0x0000000000120650       0x44 binaries/sprintf.o
                                         0x70 (size before relaxing)
 .eh_frame      0x0000000000120694       0x64 binaries/sscanf.o
                                         0x90 (size before relaxing)
 .eh_frame      0x00000000001206f8       0x20 binaries/strchr.o
                                         0x4c (size before relaxing)
 .eh_frame      0x0000000000120718       0x20 binaries/strcmp.o
                                         0x4c (size before relaxing)
 .eh_frame      0x0000000000120738       0x20 binaries/strcpy.o
                                         0x4c (size before relaxing)
 .eh_frame      0x0000000000120758       0x20 binaries/strlen.o
                                         0x4c (size before relaxing)
 .eh_frame      0x0000000000120778       0x20 binaries/strncat.o
                                         0x4c (size before relaxing)
 .eh_frame      0x0000000000120798       0x20 binaries/strncmp.o
                                         0x4c (size before relaxing)
 .eh_frame      0x00000000001207b8       0x28 binaries/strncpy.o
                                         0x54 (size before relaxing)
 .eh_frame      0x00000000001207e0       0x20 binaries/strnlen.o
                                         0x4c (size before relaxing)
 .eh_frame      0x0000000000120800       0x20 binaries/strrchr.o
                                         0x4c (size before relaxing)
 .eh_frame      0x0000000000120820       0x20 binaries/strstr.o
                                         0x4c (size before relaxing)
 .eh_frame      0x0000000000120840       0x24 binaries/ttycontrol.o
                                         0x50 (size before relaxing)
 .eh_frame      0x0000000000120864       0x24 binaries/ttygetc.o
                                         0x50 (size before relaxing)
 .eh_frame      0x0000000000120888       0x88 binaries/ttyhandle_in.o
                                         0xdc (size before relaxing)
 .eh_frame      0x0000000000120910       0x24 binaries/ttyhandle_out.o
                                         0x50 (size before relaxing)
 .eh_frame      0x0000000000120934       0x24 binaries/ttyhandler.o
                                         0x50 (size before relaxing)
 .eh_frame      0x0000000000120958       0x24 binaries/ttyinit.o
                                         0x50 (size before relaxing)
 .eh_frame      0x000000000012097c       0x24 binaries/ttykickout.o
                                         0x50 (size before relaxing)
 .eh_frame      0x00000000001209a0       0x24 binaries/ttyputc.o
                                         0x50 (size before relaxing)
 .eh_frame      0x00000000001209c4       0x24 binaries/ttyread.o
                                         0x50 (size before relaxing)
 .eh_frame      0x00000000001209e8       0x24 binaries/ttywrite.o
                                         0x50 (size before relaxing)
 .eh_frame      0x0000000000120a0c       0x44 binaries/mount.o
                                         0x84 (size before relaxing)
 .eh_frame      0x0000000000120a50       0x24 binaries/naminit.o
                                         0x50 (size before relaxing)
 .eh_frame      0x0000000000120a74       0x68 binaries/nammap.o
                                         0xa8 (size before relaxing)
 .eh_frame      0x0000000000120adc       0x24 binaries/namopen.o
                                         0x50 (size before relaxing)
 .eh_frame      0x0000000000120b00      0x158 binaries/82545EMInit.o
                                        0x198 (size before relaxing)
 .eh_frame      0x0000000000120c58       0xac binaries/ethcontrol.o
                                        0x100 (size before relaxing)
 .eh_frame      0x0000000000120d04       0x90 binaries/ethhandler.o
                                         0xd0 (size before relaxing)
 .eh_frame      0x0000000000120d94       0x24 binaries/ethinit.o
                                         0x50 (size before relaxing)
 .eh_frame      0x0000000000120db8       0x6c binaries/ethread.o
                                         0x98 (size before relaxing)
 .eh_frame      0x0000000000120e24       0x6c binaries/ethwrite.o
                                         0x98 (size before relaxing)
 .eh_frame      0x0000000000120e90       0x24 binaries/rdsbufalloc.o
                                         0x50 (size before relaxing)
 .eh_frame      0x0000000000120eb4       0x20 binaries/rdsclose.o
                                         0x4c (size before relaxing)
 .eh_frame      0x0000000000120ed4       0x24 binaries/rdscomm.o
                                         0x50 (size before relaxing)
 .eh_frame      0x0000000000120ef8       0x24 binaries/rdscontrol.o
                                         0x50 (size before relaxing)
 .eh_frame      0x0000000000120f1c       0x24 binaries/rdsinit.o
                                         0x50 (size before relaxing)
 .eh_frame      0x0000000000120f40       0x24 binaries/rdsopen.o
                                         0x50 (size before relaxing)
 .eh_frame      0x0000000000120f64       0x1c binaries/rdsprocess.o
                                         0x48 (size before relaxing)
 .eh_frame      0x0000000000120f80       0x24 binaries/rdsread.o
                                         0x50 (size before relaxing)
 .eh_frame      0x0000000000120fa4       0x24 binaries/rdswrite.o
                                         0x50 (size before relaxing)
 .eh_frame      0x0000000000120fc8       0x20 binaries/ramclose.o
                                         0x4c (size before relaxing)
 .eh_frame      0x0000000000120fe8       0x24 binaries/raminit.o
                                         0x50 (size before relaxing)
 .eh_frame      0x000000000012100c       0x20 binaries/ramopen.o
                                         0x4c (size before relaxing)
 .eh_frame      0x000000000012102c       0x24 binaries/ramread.o
                                         0x50 (size before relaxing)
 .eh_frame      0x0000000000121050       0x24 binaries/ramwrite.o
                                         0x50 (size before relaxing)
 .eh_frame      0x0000000000121074       0x24 binaries/lfdballoc.o
                                         0x50 (size before relaxing)
 .eh_frame      0x0000000000121098       0x24 binaries/lfdbfree.o
                                         0x50 (size before relaxing)
 .eh_frame      0x00000000001210bc       0x24 binaries/lfflush.o
                                         0x50 (size before relaxing)
 .eh_frame      0x00000000001210e0       0x20 binaries/lfgetmode.o
                                         0x4c (size before relaxing)
 .eh_frame      0x0000000000121100       0x24 binaries/lfiballoc.o
                                         0x50 (size before relaxing)
 .eh_frame      0x0000000000121124       0x20 binaries/lfibclear.o
                                         0x4c (size before relaxing)
 .eh_frame      0x0000000000121144       0x24 binaries/lfibget.o
                                         0x50 (size before relaxing)
 .eh_frame      0x0000000000121168       0x24 binaries/lfibput.o
                                         0x50 (size before relaxing)
 .eh_frame      0x000000000012118c       0x24 binaries/lflclose.o
                                         0x50 (size before relaxing)
 .eh_frame      0x00000000001211b0       0x24 binaries/lflcontrol.o
                                         0x50 (size before relaxing)
 .eh_frame      0x00000000001211d4       0x24 binaries/lflgetc.o
                                         0x50 (size before relaxing)
 .eh_frame      0x00000000001211f8       0x24 binaries/lflinit.o
                                         0x50 (size before relaxing)
 .eh_frame      0x000000000012121c       0x24 binaries/lflputc.o
                                         0x50 (size before relaxing)
 .eh_frame      0x0000000000121240       0x24 binaries/lflread.o
                                         0x50 (size before relaxing)
 .eh_frame      0x0000000000121264       0x24 binaries/lflseek.o
                                         0x50 (size before relaxing)
 .eh_frame      0x0000000000121288       0x24 binaries/lflwrite.o
                                         0x50 (size before relaxing)
 .eh_frame      0x00000000001212ac       0x20 binaries/lfscheck.o
                                         0x4c (size before relaxing)
 .eh_frame      0x00000000001212cc       0x24 binaries/lfsckfmt.o
                                         0x50 (size before relaxing)
 .eh_frame      0x00000000001212f0       0x24 binaries/lfscreate.o
                                         0x50 (size before relaxing)
 .eh_frame      0x0000000000121314       0x24 binaries/lfsetup.o
                                         0x50 (size before relaxing)
 .eh_frame      0x0000000000121338       0x24 binaries/lfsinit.o
                                         0x50 (size before relaxing)
 .eh_frame      0x000000000012135c       0x24 binaries/lfsopen.o
                                         0x50 (size before relaxing)
 .eh_frame      0x0000000000121380       0x24 binaries/lftruncate.o
                                         0x50 (size before relaxing)
 .eh_frame      0x00000000001213a4       0x24 binaries/rflclose.o
                                         0x50 (size before relaxing)
 .eh_frame      0x00000000001213c8       0x24 binaries/rflgetc.o
                                         0x50 (size before relaxing)
 .eh_frame      0x00000000001213ec       0x20 binaries/rflinit.o
                                         0x4c (size before relaxing)
 .eh_frame      0x000000000012140c       0x24 binaries/rflputc.o
                                         0x50 (size before relaxing)
 .eh_frame      0x0000000000121430       0x24 binaries/rflread.o
                                         0x50 (size before relaxing)
 .eh_frame      0x0000000000121454       0x24 binaries/rflseek.o
                                         0x50 (size before relaxing)
 .eh_frame      0x0000000000121478       0x24 binaries/rflwrite.o
                                         0x50 (size before relaxing)
 .eh_frame      0x000000000012149c       0x24 binaries/rfscomm.o
                                         0x50 (size before relaxing)
 .eh_frame      0x00000000001214c0       0x24 binaries/rfscontrol.o
                                         0x50 (size before relaxing)
 .eh_frame      0x00000000001214e4       0x20 binaries/rfsgetmode.o
                                         0x4c (size before relaxing)
 .eh_frame      0x0000000000121504       0x24 binaries/rfsinit.o
                                         0x50 (size before relaxing)
 .eh_frame      0x0000000000121528       0x24 binaries/rfsndmsg.o
                                         0x50 (size before relaxing)
 .eh_frame      0x000000000012154c       0x24 binaries/rfsopen.o
                                         0x50 (size before relaxing)
 .eh_frame      0x0000000000121570       0xd0 binaries/arp.o
                                        0x124 (size before relaxing)
 .eh_frame      0x0000000000121640       0xac binaries/dhcp.o
                                         0xec (size before relaxing)
 .eh_frame      0x00000000001216ec       0x90 binaries/dns.o
                                         0xd0 (size before relaxing)
 .eh_frame      0x000000000012177c       0x20 binaries/dot2ip.o
                                         0x4c (size before relaxing)
 .eh_frame      0x000000000012179c       0x48 binaries/hexdump.o
                                         0x74 (size before relaxing)
 .eh_frame      0x00000000001217e4      0x168 binaries/icmp.o
                                        0x1bc (size before relaxing)
 .eh_frame      0x000000000012194c      0x130 binaries/ip.o
                                        0x170 (size before relaxing)
 .eh_frame      0x0000000000121a7c       0xa8 binaries/net.o
                                         0xfc (size before relaxing)
 .eh_frame      0x0000000000121b24       0x60 binaries/pdump.o
                                         0xa0 (size before relaxing)
 .eh_frame      0x0000000000121b84       0x68 binaries/tftp.o
                                         0xa8 (size before relaxing)
 .eh_frame      0x0000000000121bec      0x160 binaries/udp.o
                                        0x1b4 (size before relaxing)
 .eh_frame      0x0000000000121d4c       0x24 binaries/addargs.o
                                         0x50 (size before relaxing)
 .eh_frame      0x0000000000121d70       0x20 binaries/lexan.o
                                         0x4c (size before relaxing)
 .eh_frame      0x0000000000121d90       0x2c binaries/shell.o
                                         0x58 (size before relaxing)
 .eh_frame      0x0000000000121dbc       0x24 binaries/xsh_argecho.o
                                         0x50 (size before relaxing)
 .eh_frame      0x0000000000121de0       0x48 binaries/xsh_arp.o
                                         0x74 (size before relaxing)
 .eh_frame      0x0000000000121e28       0x2c binaries/xsh_cat.o
                                         0x58 (size before relaxing)
 .eh_frame      0x0000000000121e54       0x28 binaries/xsh_clear.o
                                         0x54 (size before relaxing)
 .eh_frame      0x0000000000121e7c       0x2c binaries/xsh_date.o
                                         0x58 (size before relaxing)
 .eh_frame      0x0000000000121ea8       0x24 binaries/xsh_devdump.o
                                         0x50 (size before relaxing)
 .eh_frame      0x0000000000121ecc       0x24 binaries/xsh_echo.o
                                         0x50 (size before relaxing)
 .eh_frame      0x0000000000121ef0       0x20 binaries/xsh_exit.o
                                         0x4c (size before relaxing)
 .eh_frame      0x0000000000121f10       0x2c binaries/xsh_help.o
                                         0x58 (size before relaxing)
 .eh_frame      0x0000000000121f3c       0x2c binaries/xsh_kill.o
                                         0x58 (size before relaxing)
 .eh_frame      0x0000000000121f68       0x4c binaries/xsh_memdump.o
                                         0x8c (size before relaxing)
 .eh_frame      0x0000000000121fb4       0x74 binaries/xsh_memstat.o
                                         0xa0 (size before relaxing)
 .eh_frame      0x0000000000122028       0x30 binaries/xsh_netinfo.o
                                         0x5c (size before relaxing)
 .eh_frame      0x0000000000122058       0x30 binaries/xsh_ping.o
                                         0x5c (size before relaxing)
 .eh_frame      0x0000000000122088       0x30 binaries/xsh_print_ready_list.o
                                         0x5c (size before relaxing)
 .eh_frame      0x00000000001220b8       0x30 binaries/xsh_ps.o
                                         0x5c (size before relaxing)
 .eh_frame      0x00000000001220e8       0x2c binaries/xsh_sleep.o
                                         0x58 (size before relaxing)
 .eh_frame      0x0000000000122114       0x2c binaries/xsh_udpdump.o
                                         0x58 (size before relaxing)
 .eh_frame      0x0000000000122140       0x30 binaries/xsh_udpecho.o
                                         0x5c (size before relaxing)
 .eh_frame      0x0000000000122170       0x30 binaries/xsh_udpserver.o
                                         0x5c (size before relaxing)
 .eh_frame      0x00000000001221a0       0x2c binaries/xsh_uptime.o
                                         0x58 (size before relaxing)

.iplt           0x00000000001221d0        0x0
 .iplt          0x00000000001221d0        0x0 binaries/start.o

.rel.dyn        0x00000000001221cc        0x0
 .rel.got       0x00000000001221cc        0x0 binaries/start.o
 .rel.iplt      0x00000000001221cc        0x0 binaries/start.o
 .rel.text      0x00000000001221cc        0x0 binaries/start.o

.data           0x00000000001221e0      0xe20
                0x00000000001221e0                data = ABSOLUTE (.)
 *(.data .data.*)
 .data          0x00000000001221e0      0x460 binaries/start.o
                0x00000000001221e0                gdt
                0x0000000000122220                gdtr
                0x0000000000122226                idt
                0x0000000000122626                idtr
                0x000000000012262c                cpudelay
                0x0000000000122630                _bootdev
                0x0000000000122634                _cyloffset
 .data          0x0000000000122640        0x0 binaries/ascdate.o
 .data.rel.local
                0x0000000000122640       0x88 binaries/ascdate.o
                0x0000000000122640                Date
 .data          0x00000000001226c8        0x0 binaries/bufinit.o
 .data          0x00000000001226c8        0x0 binaries/chprio.o
 .data          0x00000000001226c8        0x4 binaries/clkhandler.o
 .data          0x00000000001226cc        0x0 binaries/clkinit.o
 .data          0x00000000001226cc        0x0 binaries/close.o
 .data          0x00000000001226cc        0x0 binaries/conf.o
 *fill*         0x00000000001226cc       0x14 
 .data.rel      0x00000000001226e0      0x5a0 binaries/conf.o
                0x00000000001226e0                devtab
 .data          0x0000000000122c80        0x0 binaries/control.o
 .data          0x0000000000122c80        0x4 binaries/create.o
 .data          0x0000000000122c84        0x0 binaries/create_user_process.o
 .data          0x0000000000122c84        0x0 binaries/evec.o
 *fill*         0x0000000000122c84       0x1c 
 .data.rel.local
                0x0000000000122ca0       0x40 binaries/evec.o
                0x0000000000122ca0                inames
 .data          0x0000000000122ce0        0x0 binaries/exit.o
 .data          0x0000000000122ce0        0x0 binaries/freebuf.o
 .data          0x0000000000122ce0        0x0 binaries/freemem.o
 .data          0x0000000000122ce0        0x0 binaries/getbuf.o
 .data          0x0000000000122ce0        0x0 binaries/getc.o
 .data          0x0000000000122ce0        0x0 binaries/getdev.o
 .data          0x0000000000122ce0        0x0 binaries/getitem.o
 .data          0x0000000000122ce0        0x0 binaries/getmem.o
 .data          0x0000000000122ce0        0x0 binaries/getpid.o
 .data          0x0000000000122ce0        0x0 binaries/getprio.o
 .data          0x0000000000122ce0        0x0 binaries/getstk.o
 .data          0x0000000000122ce0        0x0 binaries/getticks.o
 .data          0x0000000000122ce0        0x0 binaries/gettime.o
 .data          0x0000000000122ce0        0x0 binaries/getutime.o
 .data          0x0000000000122ce0       0x40 binaries/i386.o
                0x0000000000122ce0                gdt_copy
 .data          0x0000000000122d20        0x0 binaries/init.o
 .data          0x0000000000122d20        0x0 binaries/initialize.o
 .data          0x0000000000122d20        0x0 binaries/insert.o
 .data          0x0000000000122d20        0x0 binaries/insertd.o
 .data          0x0000000000122d20        0x0 binaries/ioerr.o
 .data          0x0000000000122d20        0x0 binaries/ionull.o
 .data          0x0000000000122d20        0x0 binaries/kill.o
 .data          0x0000000000122d20        0x0 binaries/kprintf.o
 .data          0x0000000000122d20        0x0 binaries/main.o
 .data          0x0000000000122d20        0x0 binaries/mark.o
 .data          0x0000000000122d20        0x0 binaries/meminit.o
 .data          0x0000000000122d20        0x0 binaries/mkbufpool.o
 .data          0x0000000000122d20        0x2 binaries/newqueue.o
 .data          0x0000000000122d22        0x0 binaries/open.o
 .data          0x0000000000122d22        0x0 binaries/panic.o
 *fill*         0x0000000000122d22        0x2 
 .data          0x0000000000122d24       0x10 binaries/pci.o
 *fill*         0x0000000000122d34        0xc 
 .data          0x0000000000122d40       0x20 binaries/print_ready_list.o
 .data          0x0000000000122d60        0x0 binaries/ptclear.o
 .data          0x0000000000122d60        0x0 binaries/ptcount.o
 .data          0x0000000000122d60        0x0 binaries/ptcreate.o
 .data          0x0000000000122d60        0x0 binaries/ptdelete.o
 .data          0x0000000000122d60        0x0 binaries/ptinit.o
 .data          0x0000000000122d60        0x0 binaries/ptrecv.o
 .data          0x0000000000122d60        0x0 binaries/ptreset.o
 .data          0x0000000000122d60        0x0 binaries/ptsend.o
 .data          0x0000000000122d60        0x0 binaries/putc.o
 .data          0x0000000000122d60        0x0 binaries/queue.o
 .data          0x0000000000122d60        0x0 binaries/read.o
 .data          0x0000000000122d60        0x0 binaries/ready.o
 .data          0x0000000000122d60        0x0 binaries/receive.o
 .data          0x0000000000122d60        0x0 binaries/recvclr.o
 .data          0x0000000000122d60        0x0 binaries/recvtime.o
 .data          0x0000000000122d60        0x0 binaries/resched.o
 .data          0x0000000000122d60        0x0 binaries/resume.o
 .data          0x0000000000122d60        0x0 binaries/seek.o
 .data          0x0000000000122d60        0x0 binaries/semcount.o
 .data          0x0000000000122d60        0x0 binaries/semcreate.o
 .data          0x0000000000122d60        0x0 binaries/semdelete.o
 .data          0x0000000000122d60        0x0 binaries/semreset.o
 .data          0x0000000000122d60        0x0 binaries/send.o
 .data          0x0000000000122d60        0x0 binaries/signal.o
 .data          0x0000000000122d60        0x0 binaries/signaln.o
 .data          0x0000000000122d60        0x0 binaries/sleep.o
 .data          0x0000000000122d60        0x0 binaries/stacktrace.o
 .data          0x0000000000122d60        0x0 binaries/suspend.o
 .data          0x0000000000122d60        0x0 binaries/unsleep.o
 .data          0x0000000000122d60        0x0 binaries/userret.o
 .data          0x0000000000122d60        0x0 binaries/wait.o
 .data          0x0000000000122d60        0x0 binaries/wakeup.o
 .data          0x0000000000122d60        0x0 binaries/write.o
 .data          0x0000000000122d60        0x0 binaries/xdone.o
 .data          0x0000000000122d60        0x0 binaries/yield.o
 .data          0x0000000000122d60        0x0 binaries/abs.o
 .data          0x0000000000122d60        0x0 binaries/atoi.o
 .data          0x0000000000122d60        0x0 binaries/atol.o
 .data          0x0000000000122d60        0x0 binaries/bzero.o
 .data          0x0000000000122d60        0x0 binaries/ctype_.o
 .data          0x0000000000122d60        0x0 binaries/doprnt.o
 .data          0x0000000000122d60       0x80 binaries/doscan.o
                0x0000000000122d60                _sctab
 .data          0x0000000000122de0        0x0 binaries/fdoprnt.o
 .data          0x0000000000122de0        0x0 binaries/fgetc.o
 .data          0x0000000000122de0        0x0 binaries/fgets.o
 .data          0x0000000000122de0        0x0 binaries/fprintf.o
 .data          0x0000000000122de0        0x0 binaries/fputc.o
 .data          0x0000000000122de0        0x0 binaries/fputs.o
 .data          0x0000000000122de0        0x0 binaries/fscanf.o
 .data          0x0000000000122de0        0x0 binaries/getchar.o
 .data          0x0000000000122de0        0x0 binaries/labs.o
 .data          0x0000000000122de0        0x0 binaries/memchr.o
 .data          0x0000000000122de0        0x0 binaries/memcmp.o
 .data          0x0000000000122de0        0x0 binaries/memcpy.o
 .data          0x0000000000122de0        0x0 binaries/memset.o
 .data          0x0000000000122de0        0x0 binaries/printf.o
 .data          0x0000000000122de0        0x0 binaries/putchar.o
 .data          0x0000000000122de0        0x0 binaries/qsort.o
 .data          0x0000000000122de0        0x4 binaries/rand.o
 .data          0x0000000000122de4        0x0 binaries/sprintf.o
 .data          0x0000000000122de4        0x0 binaries/sscanf.o
 .data          0x0000000000122de4        0x0 binaries/strchr.o
 .data          0x0000000000122de4        0x0 binaries/strcmp.o
 .data          0x0000000000122de4        0x0 binaries/strcpy.o
 .data          0x0000000000122de4        0x0 binaries/strlen.o
 .data          0x0000000000122de4        0x0 binaries/strncat.o
 .data          0x0000000000122de4        0x0 binaries/strncmp.o
 .data          0x0000000000122de4        0x0 binaries/strncpy.o
 .data          0x0000000000122de4        0x0 binaries/strnlen.o
 .data          0x0000000000122de4        0x0 binaries/strrchr.o
 .data          0x0000000000122de4        0x0 binaries/strstr.o
 .data          0x0000000000122de4        0x0 binaries/ttycontrol.o
 .data          0x0000000000122de4        0x0 binaries/ttygetc.o
 .data          0x0000000000122de4        0x0 binaries/ttyhandle_in.o
 .data          0x0000000000122de4        0x0 binaries/ttyhandle_out.o
 .data          0x0000000000122de4        0x0 binaries/ttyhandler.o
 .data          0x0000000000122de4        0x0 binaries/ttyinit.o
 .data          0x0000000000122de4        0x0 binaries/ttykickout.o
 .data          0x0000000000122de4        0x0 binaries/ttyputc.o
 .data          0x0000000000122de4        0x0 binaries/ttyread.o
 .data          0x0000000000122de4        0x0 binaries/ttywrite.o
 .data          0x0000000000122de4        0x0 binaries/mount.o
 .data          0x0000000000122de4        0x0 binaries/naminit.o
 .data          0x0000000000122de4        0x0 binaries/nammap.o
 .data          0x0000000000122de4        0x0 binaries/namopen.o
 .data          0x0000000000122de4        0x0 binaries/82545EMInit.o
 .data          0x0000000000122de4        0x0 binaries/ethcontrol.o
 .data          0x0000000000122de4        0x0 binaries/ethhandler.o
 .data          0x0000000000122de4        0x0 binaries/ethinit.o
 .data          0x0000000000122de4        0x0 binaries/ethread.o
 .data          0x0000000000122de4        0x0 binaries/ethwrite.o
 .data          0x0000000000122de4        0x0 binaries/rdsbufalloc.o
 .data          0x0000000000122de4        0x0 binaries/rdsclose.o
 .data          0x0000000000122de4        0x0 binaries/rdscomm.o
 .data          0x0000000000122de4        0x0 binaries/rdscontrol.o
 .data          0x0000000000122de4        0x0 binaries/rdsinit.o
 .data          0x0000000000122de4        0x0 binaries/rdsopen.o
 .data          0x0000000000122de4        0x0 binaries/rdsprocess.o
 .data          0x0000000000122de4        0x0 binaries/rdsread.o
 .data          0x0000000000122de4        0x0 binaries/rdswrite.o
 .data          0x0000000000122de4        0x0 binaries/ramclose.o
 .data          0x0000000000122de4        0x0 binaries/raminit.o
 .data          0x0000000000122de4        0x0 binaries/ramopen.o
 .data          0x0000000000122de4        0x0 binaries/ramread.o
 .data          0x0000000000122de4        0x0 binaries/ramwrite.o
 .data          0x0000000000122de4        0x0 binaries/lfdballoc.o
 .data          0x0000000000122de4        0x0 binaries/lfdbfree.o
 .data          0x0000000000122de4        0x0 binaries/lfflush.o
 .data          0x0000000000122de4        0x0 binaries/lfgetmode.o
 .data          0x0000000000122de4        0x0 binaries/lfiballoc.o
 .data          0x0000000000122de4        0x0 binaries/lfibclear.o
 .data          0x0000000000122de4        0x0 binaries/lfibget.o
 .data          0x0000000000122de4        0x0 binaries/lfibput.o
 .data          0x0000000000122de4        0x0 binaries/lflclose.o
 .data          0x0000000000122de4        0x0 binaries/lflcontrol.o
 .data          0x0000000000122de4        0x0 binaries/lflgetc.o
 .data          0x0000000000122de4        0x0 binaries/lflinit.o
 .data          0x0000000000122de4        0x0 binaries/lflputc.o
 .data          0x0000000000122de4        0x0 binaries/lflread.o
 .data          0x0000000000122de4        0x0 binaries/lflseek.o
 .data          0x0000000000122de4        0x0 binaries/lflwrite.o
 .data          0x0000000000122de4        0x0 binaries/lfscheck.o
 .data          0x0000000000122de4        0x0 binaries/lfsckfmt.o
 .data          0x0000000000122de4        0x0 binaries/lfscreate.o
 .data          0x0000000000122de4        0x0 binaries/lfsetup.o
 .data          0x0000000000122de4        0x0 binaries/lfsinit.o
 .data          0x0000000000122de4        0x0 binaries/lfsopen.o
 .data          0x0000000000122de4        0x0 binaries/lftruncate.o
 .data          0x0000000000122de4        0x0 binaries/rflclose.o
 .data          0x0000000000122de4        0x0 binaries/rflgetc.o
 .data          0x0000000000122de4        0x0 binaries/rflinit.o
 .data          0x0000000000122de4        0x0 binaries/rflputc.o
 .data          0x0000000000122de4        0x0 binaries/rflread.o
 .data          0x0000000000122de4        0x0 binaries/rflseek.o
 .data          0x0000000000122de4        0x0 binaries/rflwrite.o
 .data          0x0000000000122de4        0x0 binaries/rfscomm.o
 .data          0x0000000000122de4        0x0 binaries/rfscontrol.o
 .data          0x0000000000122de4        0x0 binaries/rfsgetmode.o
 .data          0x0000000000122de4        0x0 binaries/rfsinit.o
 .data          0x0000000000122de4        0x0 binaries/rfsndmsg.o
 .data          0x0000000000122de4        0x0 binaries/rfsopen.o
 .data          0x0000000000122de4        0x0 binaries/arp.o
 .data          0x0000000000122de4        0x0 binaries/dhcp.o
 .data          0x0000000000122de4        0x0 binaries/dns.o
 .data          0x0000000000122de4        0x0 binaries/dot2ip.o
 .data          0x0000000000122de4        0x0 binaries/hexdump.o
 .data          0x0000000000122de4        0x4 binaries/icmp.o
 .data          0x0000000000122de8        0x0 binaries/ip.o
 .data          0x0000000000122de8        0x0 binaries/net.o
 .data          0x0000000000122de8        0x0 binaries/pdump.o
 .data          0x0000000000122de8        0x0 binaries/tftp.o
 .data          0x0000000000122de8        0x4 binaries/udp.o
 .data          0x0000000000122dec        0x0 binaries/addargs.o
 .data          0x0000000000122dec        0x0 binaries/lexan.o
 .data          0x0000000000122dec        0x4 binaries/shell.o
                0x0000000000122dec                ncmd
 *fill*         0x0000000000122df0       0x10 
 .data.rel.ro   0x0000000000122e00       0xfc binaries/shell.o
                0x0000000000122e00                cmdtab
 .data          0x0000000000122efc        0x0 binaries/xsh_argecho.o
 .data          0x0000000000122efc        0x0 binaries/xsh_arp.o
 .data          0x0000000000122efc        0x0 binaries/xsh_cat.o
 .data          0x0000000000122efc        0x0 binaries/xsh_clear.o
 .data          0x0000000000122efc        0x0 binaries/xsh_date.o
 .data          0x0000000000122efc        0x0 binaries/xsh_devdump.o
 .data          0x0000000000122efc        0x0 binaries/xsh_echo.o
 .data          0x0000000000122efc        0x0 binaries/xsh_exit.o
 .data          0x0000000000122efc        0x0 binaries/xsh_help.o
 .data          0x0000000000122efc        0x0 binaries/xsh_kill.o
 .data          0x0000000000122efc        0x0 binaries/xsh_memdump.o
 .data          0x0000000000122efc        0x0 binaries/xsh_memstat.o
 .data          0x0000000000122efc        0x0 binaries/xsh_netinfo.o
 .data          0x0000000000122efc        0x0 binaries/xsh_ping.o
 *fill*         0x0000000000122efc        0x4 
 .data          0x0000000000122f00       0x20 binaries/xsh_print_ready_list.o
 .data          0x0000000000122f20       0x20 binaries/xsh_ps.o
 .data          0x0000000000122f40        0x0 binaries/xsh_sleep.o
 .data          0x0000000000122f40        0x0 binaries/xsh_udpdump.o
 .data          0x0000000000122f40        0x0 binaries/xsh_udpecho.o
 .data          0x0000000000122f40        0x0 binaries/xsh_udpserver.o
 .data          0x0000000000122f40        0x0 binaries/xsh_uptime.o
 .data          0x0000000000122f40        0x0 binaries/clkdisp.o
 .data          0x0000000000122f40        0x0 binaries/ctxsw.o
 .data          0x0000000000122f40        0x0 binaries/intr.o
 .data          0x0000000000122f40        0x0 binaries/ttydispatch.o
 .data          0x0000000000122f40        0x0 binaries/ethdispatch.o
                0x0000000000122f40                edata = ABSOLUTE (.)
                0x0000000000122f40                _edata = ABSOLUTE (.)
                0x0000000000123000                . = ALIGN (0x1000)
 *fill*         0x0000000000122f40       0xc0 

.got            0x0000000000123000        0x0
 .got           0x0000000000123000        0x0 binaries/start.o

.got.plt        0x0000000000123000        0xc
 .got.plt       0x0000000000123000        0xc binaries/start.o
                0x0000000000123000                _GLOBAL_OFFSET_TABLE_

.igot.plt       0x000000000012300c        0x0
 .igot.plt      0x000000000012300c        0x0 binaries/start.o

.bss            0x0000000000123020    0x1ffe0
                0x0000000000123020                bss = ABSOLUTE (.)
 *(.bss .bss.*)
 .bss           0x0000000000123020        0x0 binaries/start.o
 .bss           0x0000000000123020        0x0 binaries/ascdate.o
 .bss           0x0000000000123020        0x0 binaries/bufinit.o
 .bss           0x0000000000123020        0x0 binaries/chprio.o
 .bss           0x0000000000123020        0x0 binaries/clkhandler.o
 .bss           0x0000000000123020        0x4 binaries/clkinit.o
                0x0000000000123020                ctr1000
 .bss           0x0000000000123024        0x0 binaries/close.o
 .bss           0x0000000000123024        0x0 binaries/conf.o
 .bss           0x0000000000123024        0x0 binaries/control.o
 .bss           0x0000000000123024        0x0 binaries/create.o
 .bss           0x0000000000123024        0x0 binaries/create_user_process.o
 .bss           0x0000000000123024        0x4 binaries/evec.o
 .bss           0x0000000000123028        0x0 binaries/exit.o
 .bss           0x0000000000123028        0x0 binaries/freebuf.o
 .bss           0x0000000000123028        0x0 binaries/freemem.o
 .bss           0x0000000000123028        0x0 binaries/getbuf.o
 .bss           0x0000000000123028        0x0 binaries/getc.o
 .bss           0x0000000000123028        0x0 binaries/getdev.o
 .bss           0x0000000000123028        0x0 binaries/getitem.o
 .bss           0x0000000000123028        0x0 binaries/getmem.o
 .bss           0x0000000000123028        0x0 binaries/getpid.o
 .bss           0x0000000000123028        0x0 binaries/getprio.o
 .bss           0x0000000000123028        0x0 binaries/getstk.o
 .bss           0x0000000000123028        0x0 binaries/getticks.o
 .bss           0x0000000000123028        0x0 binaries/gettime.o
 .bss           0x0000000000123028        0x0 binaries/getutime.o
 .bss           0x0000000000123028        0x0 binaries/i386.o
 .bss           0x0000000000123028        0x0 binaries/init.o
 .bss           0x0000000000123028        0x0 binaries/initialize.o
 .bss           0x0000000000123028        0x0 binaries/insert.o
 .bss           0x0000000000123028        0x0 binaries/insertd.o
 .bss           0x0000000000123028        0x0 binaries/ioerr.o
 .bss           0x0000000000123028        0x0 binaries/ionull.o
 .bss           0x0000000000123028        0x0 binaries/kill.o
 .bss           0x0000000000123028        0x0 binaries/kprintf.o
 .bss           0x0000000000123028        0xc binaries/main.o
                0x0000000000123028                a_cnt
                0x000000000012302c                b_cnt
                0x0000000000123030                c_cnt
 .bss           0x0000000000123034        0x0 binaries/mark.o
 .bss           0x0000000000123034        0x0 binaries/meminit.o
 .bss           0x0000000000123034        0x0 binaries/mkbufpool.o
 .bss           0x0000000000123034        0x0 binaries/newqueue.o
 .bss           0x0000000000123034        0x0 binaries/open.o
 .bss           0x0000000000123034        0x0 binaries/panic.o
 .bss           0x0000000000123034        0xc binaries/pci.o
 .bss           0x0000000000123040        0x0 binaries/print_ready_list.o
 .bss           0x0000000000123040        0x0 binaries/ptclear.o
 .bss           0x0000000000123040        0x0 binaries/ptcount.o
 .bss           0x0000000000123040        0x0 binaries/ptcreate.o
 .bss           0x0000000000123040        0x0 binaries/ptdelete.o